Archive member included to satisfy reference by file (symbol)

/usr/lib/gcc/arm-none-eabi/12.2.0/../../../../arm-none-eabi/lib/thumb/v7e-m+fp/hard/libc_nano.a(lib_a-atexit.o)
                              /usr/lib/gcc/arm-none-eabi/12.2.0/../../../../arm-none-eabi/lib/thumb/v7e-m+fp/hard/crt0.o (atexit)
/usr/lib/gcc/arm-none-eabi/12.2.0/../../../../arm-none-eabi/lib/thumb/v7e-m+fp/hard/libc_nano.a(lib_a-errno.o)
                              ./Core/Src/syscalls.o (__errno)
/usr/lib/gcc/arm-none-eabi/12.2.0/../../../../arm-none-eabi/lib/thumb/v7e-m+fp/hard/libc_nano.a(lib_a-exit.o)
                              /usr/lib/gcc/arm-none-eabi/12.2.0/../../../../arm-none-eabi/lib/thumb/v7e-m+fp/hard/crt0.o (exit)
/usr/lib/gcc/arm-none-eabi/12.2.0/../../../../arm-none-eabi/lib/thumb/v7e-m+fp/hard/libc_nano.a(lib_a-fflush.o)
                              ./Core/Src/logger.o (fflush)
/usr/lib/gcc/arm-none-eabi/12.2.0/../../../../arm-none-eabi/lib/thumb/v7e-m+fp/hard/libc_nano.a(lib_a-findfp.o)
                              /usr/lib/gcc/arm-none-eabi/12.2.0/../../../../arm-none-eabi/lib/thumb/v7e-m+fp/hard/libc_nano.a(lib_a-fflush.o) (__sinit)
/usr/lib/gcc/arm-none-eabi/12.2.0/../../../../arm-none-eabi/lib/thumb/v7e-m+fp/hard/libc_nano.a(lib_a-fini.o)
                              /usr/lib/gcc/arm-none-eabi/12.2.0/../../../../arm-none-eabi/lib/thumb/v7e-m+fp/hard/crt0.o (__libc_fini_array)
/usr/lib/gcc/arm-none-eabi/12.2.0/../../../../arm-none-eabi/lib/thumb/v7e-m+fp/hard/libc_nano.a(lib_a-fwalk.o)
                              /usr/lib/gcc/arm-none-eabi/12.2.0/../../../../arm-none-eabi/lib/thumb/v7e-m+fp/hard/libc_nano.a(lib_a-findfp.o) (_fwalk)
/usr/lib/gcc/arm-none-eabi/12.2.0/../../../../arm-none-eabi/lib/thumb/v7e-m+fp/hard/libc_nano.a(lib_a-impure.o)
                              /usr/lib/gcc/arm-none-eabi/12.2.0/../../../../arm-none-eabi/lib/thumb/v7e-m+fp/hard/libc_nano.a(lib_a-exit.o) (_global_impure_ptr)
/usr/lib/gcc/arm-none-eabi/12.2.0/../../../../arm-none-eabi/lib/thumb/v7e-m+fp/hard/libc_nano.a(lib_a-init.o)
                              /usr/lib/gcc/arm-none-eabi/12.2.0/../../../../arm-none-eabi/lib/thumb/v7e-m+fp/hard/crt0.o (__libc_init_array)
/usr/lib/gcc/arm-none-eabi/12.2.0/../../../../arm-none-eabi/lib/thumb/v7e-m+fp/hard/libc_nano.a(lib_a-lock.o)
                              /usr/lib/gcc/arm-none-eabi/12.2.0/../../../../arm-none-eabi/lib/thumb/v7e-m+fp/hard/libc_nano.a(lib_a-findfp.o) (__retarget_lock_init_recursive)
/usr/lib/gcc/arm-none-eabi/12.2.0/../../../../arm-none-eabi/lib/thumb/v7e-m+fp/hard/libc_nano.a(lib_a-malloc.o)
                              ./App/Src/mlf_protocol.o (malloc)
/usr/lib/gcc/arm-none-eabi/12.2.0/../../../../arm-none-eabi/lib/thumb/v7e-m+fp/hard/libc_nano.a(lib_a-memcpy-stub.o)
                              ./App/Src/app.o (memcpy)
/usr/lib/gcc/arm-none-eabi/12.2.0/../../../../arm-none-eabi/lib/thumb/v7e-m+fp/hard/libc_nano.a(lib_a-memset.o)
                              /usr/lib/gcc/arm-none-eabi/12.2.0/../../../../arm-none-eabi/lib/thumb/v7e-m+fp/hard/crt0.o (memset)
/usr/lib/gcc/arm-none-eabi/12.2.0/../../../../arm-none-eabi/lib/thumb/v7e-m+fp/hard/libc_nano.a(lib_a-nano-freer.o)
                              /usr/lib/gcc/arm-none-eabi/12.2.0/../../../../arm-none-eabi/lib/thumb/v7e-m+fp/hard/libc_nano.a(lib_a-fflush.o) (_free_r)
/usr/lib/gcc/arm-none-eabi/12.2.0/../../../../arm-none-eabi/lib/thumb/v7e-m+fp/hard/libc_nano.a(lib_a-nano-mallocr.o)
                              /usr/lib/gcc/arm-none-eabi/12.2.0/../../../../arm-none-eabi/lib/thumb/v7e-m+fp/hard/libc_nano.a(lib_a-findfp.o) (_malloc_r)
/usr/lib/gcc/arm-none-eabi/12.2.0/../../../../arm-none-eabi/lib/thumb/v7e-m+fp/hard/libc_nano.a(lib_a-printf.o)
                              ./Core/Src/logger.o (printf)
/usr/lib/gcc/arm-none-eabi/12.2.0/../../../../arm-none-eabi/lib/thumb/v7e-m+fp/hard/libc_nano.a(lib_a-puts.o)
                              ./Core/Src/main.o (puts)
/usr/lib/gcc/arm-none-eabi/12.2.0/../../../../arm-none-eabi/lib/thumb/v7e-m+fp/hard/libc_nano.a(lib_a-sbrkr.o)
                              /usr/lib/gcc/arm-none-eabi/12.2.0/../../../../arm-none-eabi/lib/thumb/v7e-m+fp/hard/libc_nano.a(lib_a-nano-mallocr.o) (_sbrk_r)
/usr/lib/gcc/arm-none-eabi/12.2.0/../../../../arm-none-eabi/lib/thumb/v7e-m+fp/hard/libc_nano.a(lib_a-snprintf.o)
                              ./Core/Src/main.o (snprintf)
/usr/lib/gcc/arm-none-eabi/12.2.0/../../../../arm-none-eabi/lib/thumb/v7e-m+fp/hard/libc_nano.a(lib_a-stdio.o)
                              /usr/lib/gcc/arm-none-eabi/12.2.0/../../../../arm-none-eabi/lib/thumb/v7e-m+fp/hard/libc_nano.a(lib_a-findfp.o) (__sread)
/usr/lib/gcc/arm-none-eabi/12.2.0/../../../../arm-none-eabi/lib/thumb/v7e-m+fp/hard/libc_nano.a(lib_a-strlen.o)
                              ./Core/Src/panic.o (strlen)
/usr/lib/gcc/arm-none-eabi/12.2.0/../../../../arm-none-eabi/lib/thumb/v7e-m+fp/hard/libc_nano.a(lib_a-vprintf.o)
                              ./Core/Src/logger.o (vprintf)
[...]
Memory Configuration

Name             Origin             Length             Attributes
RAM              0x0000000020000000 0x0000000000010000 xrw
FLASH            0x0000000008000000 0x0000000000040000 xr
*default*        0x0000000000000000 0xffffffffffffffff

Linker script and memory map

LOAD /usr/lib/gcc/arm-none-eabi/12.2.0/thumb/v7e-m+fp/hard/crti.o
LOAD /usr/lib/gcc/arm-none-eabi/12.2.0/thumb/v7e-m+fp/hard/crtbegin.o
LOAD /usr/lib/gcc/arm-none-eabi/12.2.0/../../../../arm-none-eabi/lib/thumb/v7e-m+fp/hard/crt0.o
LOAD ./App/Src/app.o
LOAD ./App/Src/mlf_effects.o
LOAD ./App/Src/mlf_protocol.o
LOAD ./App/Src/ws2812b.o
LOAD ./Core/Src/boot_setup.o
LOAD ./Core/Src/logger.o
LOAD ./Core/Src/main.o
LOAD ./Core/Src/panic.o
LOAD ./Core/Src/stm32f4xx_hal_msp.o
LOAD ./Core/Src/stm32f4xx_it.o
LOAD ./Core/Src/syscalls.o
LOAD ./Core/Src/sysmem.o
LOAD ./Core/Src/system_stm32f4xx.o
LOAD ./Core/Startup/startup_stm32f401rctx.o
LOAD ./Drivers/STM32F4xx_HAL_Driver/Src/stm32f4xx_hal.o
LOAD ./Drivers/STM32F4xx_HAL_Driver/Src/stm32f4xx_hal_cortex.o
LOAD ./Drivers/STM32F4xx_HAL_Driver/Src/stm32f4xx_hal_dma.o
LOAD ./Drivers/STM32F4xx_HAL_Driver/Src/stm32f4xx_hal_dma_ex.o
LOAD ./Drivers/STM32F4xx_HAL_Driver/Src/stm32f4xx_hal_exti.o
LOAD ./Drivers/STM32F4xx_HAL_Driver/Src/stm32f4xx_hal_flash.o
LOAD ./Drivers/STM32F4xx_HAL_Driver/Src/stm32f4xx_hal_flash_ex.o
LOAD ./Drivers/STM32F4xx_HAL_Driver/Src/stm32f4xx_hal_flash_ramfunc.o
LOAD ./Drivers/STM32F4xx_HAL_Driver/Src/stm32f4xx_hal_gpio.o
LOAD ./Drivers/STM32F4xx_HAL_Driver/Src/stm32f4xx_hal_iwdg.o
LOAD ./Drivers/STM32F4xx_HAL_Driver/Src/stm32f4xx_hal_pcd.o
LOAD ./Drivers/STM32F4xx_HAL_Driver/Src/stm32f4xx_hal_pcd_ex.o
LOAD ./Drivers/STM32F4xx_HAL_Driver/Src/stm32f4xx_hal_pwr.o
LOAD ./Drivers/STM32F4xx_HAL_Driver/Src/stm32f4xx_hal_pwr_ex.o
LOAD ./Drivers/STM32F4xx_HAL_Driver/Src/stm32f4xx_hal_rcc.o
LOAD ./Drivers/STM32F4xx_HAL_Driver/Src/stm32f4xx_hal_rcc_ex.o
LOAD ./Drivers/STM32F4xx_HAL_Driver/Src/stm32f4xx_hal_spi.o
LOAD ./Drivers/STM32F4xx_HAL_Driver/Src/stm32f4xx_hal_tim.o
LOAD ./Drivers/STM32F4xx_HAL_Driver/Src/stm32f4xx_hal_tim_ex.o
LOAD ./Drivers/STM32F4xx_HAL_Driver/Src/stm32f4xx_hal_uart.o
LOAD ./Drivers/STM32F4xx_HAL_Driver/Src/stm32f4xx_ll_usb.o
LOAD ./Middlewares/ST/STM32_USB_Device_Library/Class/CDC/Src/usbd_cdc.o
LOAD ./Middlewares/ST/STM32_USB_Device_Library/Core/Src/usbd_core.o
LOAD ./Middlewares/ST/STM32_USB_Device_Library/Core/Src/usbd_ctlreq.o
LOAD ./Middlewares/ST/STM32_USB_Device_Library/Core/Src/usbd_ioreq.o
LOAD ./USB_DEVICE/App/usb_device.o
LOAD ./USB_DEVICE/App/usbd_cdc_if.o
LOAD ./USB_DEVICE/App/usbd_desc.o
LOAD ./USB_DEVICE/Target/usbd_conf.o
START GROUP
LOAD /usr/lib/gcc/arm-none-eabi/12.2.0/../../../../arm-none-eabi/lib/thumb/v7e-m+fp/hard/libc_nano.a
LOAD /usr/lib/gcc/arm-none-eabi/12.2.0/../../../../arm-none-eabi/lib/thumb/v7e-m+fp/hard/libm.a
END GROUP
START GROUP
LOAD /usr/lib/gcc/arm-none-eabi/12.2.0/thumb/v7e-m+fp/hard/libgcc.a
LOAD /usr/lib/gcc/arm-none-eabi/12.2.0/../../../../arm-none-eabi/lib/thumb/v7e-m+fp/hard/libc_nano.a
END GROUP
START GROUP
LOAD /usr/lib/gcc/arm-none-eabi/12.2.0/thumb/v7e-m+fp/hard/libgcc.a
LOAD /usr/lib/gcc/arm-none-eabi/12.2.0/../../../../arm-none-eabi/lib/thumb/v7e-m+fp/hard/libc_nano.a
LOAD /usr/lib/gcc/arm-none-eabi/12.2.0/../../../../arm-none-eabi/lib/thumb/v7e-m+fp/hard/libnosys.a
END GROUP
START GROUP
LOAD /usr/lib/gcc/arm-none-eabi/12.2.0/thumb/v7e-m+fp/hard/libgcc.a
LOAD /usr/lib/gcc/arm-none-eabi/12.2.0/../../../../arm-none-eabi/lib/thumb/v7e-m+fp/hard/libc_nano.a
LOAD /usr/lib/gcc/arm-none-eabi/12.2.0/../../../../arm-none-eabi/lib/thumb/v7e-m+fp/hard/libnosys.a
END GROUP
LOAD /usr/lib/gcc/arm-none-eabi/12.2.0/thumb/v7e-m+fp/hard/crtend.o
LOAD /usr/lib/gcc/arm-none-eabi/12.2.0/thumb/v7e-m+fp/hard/crtn.o
                0x0000000020010000                _estack = (ORIGIN (RAM) + LENGTH (RAM))
                0x0000000000000200                _Min_Heap_Size = 0x200
                0x0000000000000400                _Min_Stack_Size = 0x400

.isr_vector     0x0000000008000000      0x194
                0x0000000008000000                . = ALIGN (0x4)
 *(.isr_vector)
 .isr_vector    0x0000000008000000      0x194 ./Core/Startup/startup_stm32f401rctx.o
                0x0000000008000000                g_pfnVectors
                0x0000000008000194                . = ALIGN (0x4)

.text           0x00000000080001a0     0x7a40
                0x00000000080001a0                . = ALIGN (0x4)
 *(.text)
 .text          0x00000000080001a0       0x10 /usr/lib/gcc/arm-none-eabi/12.2.0/../../../../arm-none-eabi/lib/thumb/v7e-m+fp/hard/libc_nano.a(lib_a-strlen.o)
                0x00000000080001a0                strlen
 .text          0x00000000080001b0       0xa0 /usr/lib/gcc/arm-none-eabi/12.2.0/../../../../arm-none-eabi/lib/thumb/v7e-m+fp/hard/libc_nano.a(lib_a-memchr.o)
                0x00000000080001b0                memchr
 .text          0x0000000008000250      0x254 /usr/lib/gcc/arm-none-eabi/12.2.0/thumb/v7e-m+fp/hard/libgcc.a(_arm_muldf3.o)
                0x0000000008000250                __aeabi_dmul
                0x0000000008000250                __muldf3
 .text          0x00000000080004a4      0x378 /usr/lib/gcc/arm-none-eabi/12.2.0/thumb/v7e-m+fp/hard/libgcc.a(_arm_addsubdf3.o)
                0x00000000080004a4                __aeabi_drsub
                0x00000000080004ac                __aeabi_dsub
                0x00000000080004ac                __subdf3
                0x00000000080004b0                __adddf3
                0x00000000080004b0                __aeabi_dadd
                0x0000000008000728                __aeabi_ui2d
                0x0000000008000728                __floatunsidf
                0x0000000008000748                __floatsidf
                0x0000000008000748                __aeabi_i2d
                0x000000000800076c                __extendsfdf2
                0x000000000800076c                __aeabi_f2d
                0x00000000080007b0                __aeabi_ul2d
                0x00000000080007b0                __floatundidf
                0x00000000080007c0                __floatdidf
                0x00000000080007c0                __aeabi_l2d
 .text          0x000000000800081c      0x110 /usr/lib/gcc/arm-none-eabi/12.2.0/thumb/v7e-m+fp/hard/libgcc.a(_arm_cmpdf2.o)
                0x000000000800081c                __gtdf2
                0x000000000800081c                __gedf2
                0x0000000008000824                __ltdf2
                0x0000000008000824                __ledf2
                0x000000000800082c                __cmpdf2
                0x000000000800082c                __eqdf2
                0x000000000800082c                __nedf2
                0x00000000080008a8                __aeabi_cdrcmple
                0x00000000080008b8                __aeabi_cdcmple
                0x00000000080008b8                __aeabi_cdcmpeq
                0x00000000080008c8                __aeabi_dcmpeq
                0x00000000080008dc                __aeabi_dcmplt
                0x00000000080008f0                __aeabi_dcmple
                0x0000000008000904                __aeabi_dcmpge
                0x0000000008000918                __aeabi_dcmpgt
 .text          0x000000000800092c       0x40 /usr/lib/gcc/arm-none-eabi/12.2.0/thumb/v7e-m+fp/hard/libgcc.a(_arm_fixunsdfsi.o)
                0x000000000800092c                __fixunsdfsi
                0x000000000800092c                __aeabi_d2uiz
 .text          0x000000000800096c       0xa0 /usr/lib/gcc/arm-none-eabi/12.2.0/thumb/v7e-m+fp/hard/libgcc.a(_arm_truncdfsf2.o)
                0x000000000800096c                __aeabi_d2f
                0x000000000800096c                __truncdfsf2
 .text          0x0000000008000a0c       0x30 /usr/lib/gcc/arm-none-eabi/12.2.0/thumb/v7e-m+fp/hard/libgcc.a(_aeabi_uldivmod.o)
                0x0000000008000a0c                __aeabi_uldivmod
 .text          0x0000000008000a3c        0x4 /usr/lib/gcc/arm-none-eabi/12.2.0/thumb/v7e-m+fp/hard/libgcc.a(_dvmd_tls.o)
                0x0000000008000a3c                __aeabi_ldiv0
                0x0000000008000a3c                __aeabi_idiv0
 *(.text*)
 .text.__do_global_dtors_aux
                0x0000000008000a40       0x24 /usr/lib/gcc/arm-none-eabi/12.2.0/thumb/v7e-m+fp/hard/crtbegin.o
 .text.frame_dummy
                0x0000000008000a64       0x1c /usr/lib/gcc/arm-none-eabi/12.2.0/thumb/v7e-m+fp/hard/crtbegin.o
 .text.app_turn_on
                0x0000000008000a80       0x14 ./App/Src/app.o
                0x0000000008000a80                app_turn_on
 .text.app_turn_off
                0x0000000008000a94       0x1c ./App/Src/app.o
                0x0000000008000a94                app_turn_off
 .text.app_get_brightness
                0x0000000008000ab0       0x24 ./App/Src/app.o
 .text.app_get_on_state
                0x0000000008000ad4       0x18 ./App/Src/app.o
 .text.app_get_info
                0x0000000008000aec       0x34 ./App/Src/app.o
                0x0000000008000aec                app_get_info
 .text.app_set_effect
                0x0000000008000b20       0x68 ./App/Src/app.o
                0x0000000008000b20                app_set_effect
 .text.app_set_brightness
                0x0000000008000b88       0x44 ./App/Src/app.o
                0x0000000008000b88                app_set_brightness
 .text.app_set_color
                0x0000000008000bcc       0xb0 ./App/Src/app.o
                0x0000000008000bcc                app_set_color
 .text.app_get_effect
                0x0000000008000c7c       0x38 ./App/Src/app.o
 .text.USART2_WriteData
                0x0000000008000cb4       0x18 ./App/Src/app.o
                0x0000000008000cb4                USART2_WriteData
 .text.USB_CDC_Transmit_FS
                0x0000000008000ccc       0x12 ./App/Src/app.o
 *fill*         0x0000000008000cde        0x2 
 .text.register_default_callback
                0x0000000008000ce0       0x84 ./App/Src/app.o
 .text.IRQ_buffer_push
                0x0000000008000d64       0x20 ./App/Src/app.o
                0x0000000008000d64                IRQ_buffer_push
 .text.IRQ_buffer_pop
                0x0000000008000d84       0x48 ./App/Src/app.o
                0x0000000008000d84                IRQ_buffer_pop
 .text.USART2_IRQHandler
                0x0000000008000dcc       0x30 ./App/Src/app.o
                0x0000000008000dcc                USART2_IRQHandler
 .text.app_init
                0x0000000008000dfc      0x10c ./App/Src/app.o
                0x0000000008000dfc                app_init
 .text.app_main_loop
                0x0000000008000f08      0x130 ./App/Src/app.o
                0x0000000008000f08                app_main_loop
 .text.hue2rgb  0x0000000008001038       0xf4 ./App/Src/mlf_effects.o
 .text.effect_bar_cycle
                0x000000000800112c       0x94 ./App/Src/mlf_effects.o
 .text.effect_static_color
                0x00000000080011c0       0x30 ./App/Src/mlf_effects.o
 .text.hsl2rgb.constprop.0
                0x00000000080011f0      0x108 ./App/Src/mlf_effects.o
 .text.effect_rainbow
                0x00000000080012f8       0xa0 ./App/Src/mlf_effects.o
 .text.effect_color_cycle
                0x0000000008001398       0x78 ./App/Src/mlf_effects.o
 .text.run_effect_frame
                0x0000000008001410       0x28 ./App/Src/mlf_effects.o
                0x0000000008001410                run_effect_frame
 .text.packet_buffer_clear
                0x0000000008001438       0x12 ./App/Src/mlf_protocol.o
 *fill*         0x000000000800144a        0x2 
 .text.MLF_resp_error.isra.0
                0x000000000800144c       0x40 ./App/Src/mlf_protocol.o
 .text.packet_buffer_init
                0x000000000800148c       0x2c ./App/Src/mlf_protocol.o
                0x000000000800148c                packet_buffer_init
 .text.packet_buffer_deinit
                0x00000000080014b8        0x4 ./App/Src/mlf_protocol.o
                0x00000000080014b8                packet_buffer_deinit
 .text.packet_buffer_append
                0x00000000080014bc      0x160 ./App/Src/mlf_protocol.o
                0x00000000080014bc                packet_buffer_append
 .text.MLF_init
                0x000000000800161c       0x3c ./App/Src/mlf_protocol.o
                0x000000000800161c                MLF_init
 .text.MLF_is_packet_available
                0x0000000008001658        0x6 ./App/Src/mlf_protocol.o
                0x0000000008001658                MLF_is_packet_available
 .text.MLF_register_callback
                0x000000000800165e        0x8 ./App/Src/mlf_protocol.o
                0x000000000800165e                MLF_register_callback
 *fill*         0x0000000008001666        0x2 
 .text.MLF_register_reroute
                0x0000000008001668       0x68 ./App/Src/mlf_protocol.o
                0x0000000008001668                MLF_register_reroute
 .text.MLF_SendCmd
                0x00000000080016d0       0x9c ./App/Src/mlf_protocol.o
                0x00000000080016d0                MLF_SendCmd
 .text.MLF_process_packet
                0x000000000800176c      0x180 ./App/Src/mlf_protocol.o
                0x000000000800176c                MLF_process_packet
 .text.encode_byte
                0x00000000080018ec       0x24 ./App/Src/ws2812b.o
 .text.clear_buffer
                0x0000000008001910       0x2a ./App/Src/ws2812b.o
 .text.init_led_strip
                0x000000000800193a       0x4a ./App/Src/ws2812b.o
                0x000000000800193a                init_led_strip
 .text.get_leds_count
                0x0000000008001984        0x4 ./App/Src/ws2812b.o
                0x0000000008001984                get_leds_count
 .text.set_led_color
                0x0000000008001988       0xec ./App/Src/ws2812b.o
                0x0000000008001988                set_led_color
 .text.refresh_leds
                0x0000000008001a74       0x34 ./App/Src/ws2812b.o
                0x0000000008001a74                refresh_leds
 .text.clear_leds
                0x0000000008001aa8        0xc ./App/Src/ws2812b.o
                0x0000000008001aa8                clear_leds
 .text.set_leds_brightness
                0x0000000008001ab4        0x4 ./App/Src/ws2812b.o
                0x0000000008001ab4                set_leds_brightness
 .text.calibrate_leds_colors
                0x0000000008001ab8       0x24 ./App/Src/ws2812b.o
                0x0000000008001ab8                calibrate_leds_colors
 .text.int2Color
                0x0000000008001adc       0x20 ./App/Src/ws2812b.o
                0x0000000008001adc                int2Color
 .text.boot_save_reset_reason
                0x0000000008001afc       0x1c ./Core/Src/boot_setup.o
                0x0000000008001afc                boot_save_reset_reason
 .text.boot_get_reset_reason_str
                0x0000000008001b18       0x34 ./Core/Src/boot_setup.o
                0x0000000008001b18                boot_get_reset_reason_str
 .text.printk   0x0000000008001b4c       0x84 ./Core/Src/logger.o
                0x0000000008001b4c                printk
 .text.__io_putchar
                0x0000000008001bd0       0x34 ./Core/Src/main.o
                0x0000000008001bd0                __io_putchar
 .text.__io_getchar
                0x0000000008001c04       0x28 ./Core/Src/main.o
                0x0000000008001c04                __io_getchar
 .text.Error_Handler
                0x0000000008001c2c        0xc ./Core/Src/main.o
                0x0000000008001c2c                Error_Handler
 .text.SystemClock_Config
                0x0000000008001c38       0xa4 ./Core/Src/main.o
                0x0000000008001c38                SystemClock_Config
 .text.startup.main
                0x0000000008001cdc      0x248 ./Core/Src/main.o
                0x0000000008001cdc                main
 .text.assert_failed
                0x0000000008001f24       0x20 ./Core/Src/main.o
                0x0000000008001f24                assert_failed
 .text.system_reset
                0x0000000008001f44       0x30 ./Core/Src/panic.o
 .text.panic_header
                0x0000000008001f74       0x4c ./Core/Src/panic.o
 .text.panic    0x0000000008001fc0       0x2c ./Core/Src/panic.o
                0x0000000008001fc0                panic
 .text.HAL_MspInit
                0x0000000008001fec       0x40 ./Core/Src/stm32f4xx_hal_msp.o
                0x0000000008001fec                HAL_MspInit
 .text.HAL_SPI_MspInit
                0x000000000800202c      0x148 ./Core/Src/stm32f4xx_hal_msp.o
                0x000000000800202c                HAL_SPI_MspInit
 .text.HAL_UART_MspInit
                0x0000000008002174       0xd8 ./Core/Src/stm32f4xx_hal_msp.o
                0x0000000008002174                HAL_UART_MspInit
 .text.SVC_Handler
                0x000000000800224c        0x2 ./Core/Src/stm32f4xx_it.o
                0x000000000800224c                SVC_Handler
 .text.DebugMon_Handler
                0x000000000800224e        0x2 ./Core/Src/stm32f4xx_it.o
                0x000000000800224e                DebugMon_Handler
 .text.PendSV_Handler
                0x0000000008002250        0x2 ./Core/Src/stm32f4xx_it.o
                0x0000000008002250                PendSV_Handler
 .text.SysTick_Handler
                0x0000000008002252        0x4 ./Core/Src/stm32f4xx_it.o
                0x0000000008002252                SysTick_Handler
 *fill*         0x0000000008002256        0x2 
 .text.DMA1_Stream4_IRQHandler
                0x0000000008002258        0xc ./Core/Src/stm32f4xx_it.o
                0x0000000008002258                DMA1_Stream4_IRQHandler
 .text.DMA2_Stream3_IRQHandler
                0x0000000008002264        0xc ./Core/Src/stm32f4xx_it.o
                0x0000000008002264                DMA2_Stream3_IRQHandler
 .text.OTG_FS_IRQHandler
                0x0000000008002270        0xc ./Core/Src/stm32f4xx_it.o
                0x0000000008002270                OTG_FS_IRQHandler
 .text._read    0x000000000800227c       0x1c ./Core/Src/syscalls.o
                0x000000000800227c                _read
 .text._write   0x0000000008002298       0x1c ./Core/Src/syscalls.o
                0x0000000008002298                _write
 .text._close   0x00000000080022b4        0x6 ./Core/Src/syscalls.o
                0x00000000080022b4                _close
 .text._fstat   0x00000000080022ba        0xa ./Core/Src/syscalls.o
                0x00000000080022ba                _fstat
 .text._isatty  0x00000000080022c4        0x4 ./Core/Src/syscalls.o
                0x00000000080022c4                _isatty
 .text._lseek   0x00000000080022c8        0x4 ./Core/Src/syscalls.o
                0x00000000080022c8                _lseek
 .text._sbrk    0x00000000080022cc       0x40 ./Core/Src/sysmem.o
                0x00000000080022cc                _sbrk
 .text.SystemInit
                0x000000000800230c       0x14 ./Core/Src/system_stm32f4xx.o
                0x000000000800230c                SystemInit
 .text.Reset_Handler
                0x0000000008002320       0x50 ./Core/Startup/startup_stm32f401rctx.o
                0x0000000008002320                Reset_Handler
 .text.Default_Handler
                0x0000000008002370        0x2 ./Core/Startup/startup_stm32f401rctx.o
                0x0000000008002370                RTC_Alarm_IRQHandler
                0x0000000008002370                EXTI2_IRQHandler
                0x0000000008002370                SPI4_IRQHandler
                0x0000000008002370                TIM1_CC_IRQHandler
                0x0000000008002370                DMA2_Stream5_IRQHandler
                0x0000000008002370                HardFault_Handler
                0x0000000008002370                DMA1_Stream5_IRQHandler
                0x0000000008002370                PVD_IRQHandler
                0x0000000008002370                SDIO_IRQHandler
                0x0000000008002370                TAMP_STAMP_IRQHandler
                0x0000000008002370                NMI_Handler
                0x0000000008002370                EXTI3_IRQHandler
                0x0000000008002370                TIM1_UP_TIM10_IRQHandler
                0x0000000008002370                I2C3_ER_IRQHandler
                0x0000000008002370                EXTI0_IRQHandler
                0x0000000008002370                I2C2_EV_IRQHandler
                0x0000000008002370                DMA1_Stream2_IRQHandler
                0x0000000008002370                FPU_IRQHandler
                0x0000000008002370                UsageFault_Handler
                0x0000000008002370                DMA2_Stream2_IRQHandler
                0x0000000008002370                SPI1_IRQHandler
                0x0000000008002370                TIM1_BRK_TIM9_IRQHandler
                0x0000000008002370                USART6_IRQHandler
                0x0000000008002370                DMA2_Stream0_IRQHandler
                0x0000000008002370                TIM4_IRQHandler
                0x0000000008002370                I2C1_EV_IRQHandler
                0x0000000008002370                DMA1_Stream6_IRQHandler
                0x0000000008002370                DMA1_Stream1_IRQHandler
                0x0000000008002370                TIM3_IRQHandler
                0x0000000008002370                RCC_IRQHandler
                0x0000000008002370                Default_Handler
                0x0000000008002370                EXTI15_10_IRQHandler
                0x0000000008002370                ADC_IRQHandler
                0x0000000008002370                DMA1_Stream7_IRQHandler
                0x0000000008002370                TIM5_IRQHandler
                0x0000000008002370                DMA2_Stream7_IRQHandler
                0x0000000008002370                I2C3_EV_IRQHandler
                0x0000000008002370                EXTI9_5_IRQHandler
                0x0000000008002370                RTC_WKUP_IRQHandler
                0x0000000008002370                SPI2_IRQHandler
                0x0000000008002370                MemManage_Handler
                0x0000000008002370                DMA1_Stream0_IRQHandler
                0x0000000008002370                EXTI4_IRQHandler
                0x0000000008002370                WWDG_IRQHandler
                0x0000000008002370                TIM2_IRQHandler
                0x0000000008002370                OTG_FS_WKUP_IRQHandler
                0x0000000008002370                TIM1_TRG_COM_TIM11_IRQHandler
                0x0000000008002370                EXTI1_IRQHandler
                0x0000000008002370                I2C2_ER_IRQHandler
                0x0000000008002370                DMA2_Stream1_IRQHandler
                0x0000000008002370                FLASH_IRQHandler
                0x0000000008002370                DMA2_Stream4_IRQHandler
                0x0000000008002370                BusFault_Handler
                0x0000000008002370                USART1_IRQHandler
                0x0000000008002370                SPI3_IRQHandler
                0x0000000008002370                I2C1_ER_IRQHandler
                0x0000000008002370                DMA2_Stream6_IRQHandler
                0x0000000008002370                DMA1_Stream3_IRQHandler
 *fill*         0x0000000008002372        0x2 
 .text.HAL_InitTick
                0x0000000008002374       0x48 ./Drivers/STM32F4xx_HAL_Driver/Src/stm32f4xx_hal.o
                0x0000000008002374                HAL_InitTick
 .text.HAL_Init
                0x00000000080023bc       0x34 ./Drivers/STM32F4xx_HAL_Driver/Src/stm32f4xx_hal.o
                0x00000000080023bc                HAL_Init
 .text.HAL_IncTick
                0x00000000080023f0       0x18 ./Drivers/STM32F4xx_HAL_Driver/Src/stm32f4xx_hal.o
                0x00000000080023f0                HAL_IncTick
 .text.HAL_GetTick
                0x0000000008002408        0xc ./Drivers/STM32F4xx_HAL_Driver/Src/stm32f4xx_hal.o
                0x0000000008002408                HAL_GetTick
 .text.HAL_Delay
                0x0000000008002414       0x28 ./Drivers/STM32F4xx_HAL_Driver/Src/stm32f4xx_hal.o
                0x0000000008002414                HAL_Delay
 .text.HAL_GetREVID
                0x000000000800243c        0xc ./Drivers/STM32F4xx_HAL_Driver/Src/stm32f4xx_hal.o
                0x000000000800243c                HAL_GetREVID
 .text.HAL_GetDEVID
                0x0000000008002448       0x10 ./Drivers/STM32F4xx_HAL_Driver/Src/stm32f4xx_hal.o
                0x0000000008002448                HAL_GetDEVID
 .text.HAL_GetUIDw0
                0x0000000008002458        0xc ./Drivers/STM32F4xx_HAL_Driver/Src/stm32f4xx_hal.o
                0x0000000008002458                HAL_GetUIDw0
 .text.HAL_GetUIDw1
                0x0000000008002464        0xc ./Drivers/STM32F4xx_HAL_Driver/Src/stm32f4xx_hal.o
                0x0000000008002464                HAL_GetUIDw1
 .text.HAL_GetUIDw2
                0x0000000008002470        0xc ./Drivers/STM32F4xx_HAL_Driver/Src/stm32f4xx_hal.o
                0x0000000008002470                HAL_GetUIDw2
 .text.HAL_NVIC_SetPriorityGrouping
                0x000000000800247c       0x3c ./Drivers/STM32F4xx_HAL_Driver/Src/stm32f4xx_hal_cortex.o
                0x000000000800247c                HAL_NVIC_SetPriorityGrouping
 .text.HAL_NVIC_SetPriority
                0x00000000080024b8       0x84 ./Drivers/STM32F4xx_HAL_Driver/Src/stm32f4xx_hal_cortex.o
                0x00000000080024b8                HAL_NVIC_SetPriority
 .text.HAL_NVIC_EnableIRQ
                0x000000000800253c       0x28 ./Drivers/STM32F4xx_HAL_Driver/Src/stm32f4xx_hal_cortex.o
                0x000000000800253c                HAL_NVIC_EnableIRQ
 .text.HAL_SYSTICK_Config
                0x0000000008002564       0x28 ./Drivers/STM32F4xx_HAL_Driver/Src/stm32f4xx_hal_cortex.o
                0x0000000008002564                HAL_SYSTICK_Config
 .text.DMA_CalcBaseAndBitshift
                0x000000000800258c       0x2c ./Drivers/STM32F4xx_HAL_Driver/Src/stm32f4xx_hal_dma.o
 .text.HAL_DMA_Init
                0x00000000080025b8      0x260 ./Drivers/STM32F4xx_HAL_Driver/Src/stm32f4xx_hal_dma.o
                0x00000000080025b8                HAL_DMA_Init
 .text.HAL_DMA_Start_IT
                0x0000000008002818       0x9c ./Drivers/STM32F4xx_HAL_Driver/Src/stm32f4xx_hal_dma.o
                0x0000000008002818                HAL_DMA_Start_IT
 .text.HAL_DMA_IRQHandler
                0x00000000080028b4      0x17c ./Drivers/STM32F4xx_HAL_Driver/Src/stm32f4xx_hal_dma.o
                0x00000000080028b4                HAL_DMA_IRQHandler
 .text.HAL_GPIO_Init
                0x0000000008002a30      0x274 ./Drivers/STM32F4xx_HAL_Driver/Src/stm32f4xx_hal_gpio.o
                0x0000000008002a30                HAL_GPIO_Init
 .text.HAL_GPIO_WritePin
                0x0000000008002ca4       0x34 ./Drivers/STM32F4xx_HAL_Driver/Src/stm32f4xx_hal_gpio.o
                0x0000000008002ca4                HAL_GPIO_WritePin
 .text.HAL_IWDG_Init
                0x0000000008002cd8       0x88 ./Drivers/STM32F4xx_HAL_Driver/Src/stm32f4xx_hal_iwdg.o
                0x0000000008002cd8                HAL_IWDG_Init
 .text.HAL_IWDG_Refresh
                0x0000000008002d60        0xc ./Drivers/STM32F4xx_HAL_Driver/Src/stm32f4xx_hal_iwdg.o
                0x0000000008002d60                HAL_IWDG_Refresh
 .text.HAL_PCD_Init
                0x0000000008002d6c      0x11c ./Drivers/STM32F4xx_HAL_Driver/Src/stm32f4xx_hal_pcd.o
                0x0000000008002d6c                HAL_PCD_Init
 .text.HAL_PCD_Start
                0x0000000008002e88       0x3e ./Drivers/STM32F4xx_HAL_Driver/Src/stm32f4xx_hal_pcd.o
                0x0000000008002e88                HAL_PCD_Start
 .text.HAL_PCD_SetAddress
                0x0000000008002ec6       0x28 ./Drivers/STM32F4xx_HAL_Driver/Src/stm32f4xx_hal_pcd.o
                0x0000000008002ec6                HAL_PCD_SetAddress
 .text.HAL_PCD_EP_Open
                0x0000000008002eee       0x70 ./Drivers/STM32F4xx_HAL_Driver/Src/stm32f4xx_hal_pcd.o
                0x0000000008002eee                HAL_PCD_EP_Open
 .text.HAL_PCD_EP_Close
                0x0000000008002f5e       0x5e ./Drivers/STM32F4xx_HAL_Driver/Src/stm32f4xx_hal_pcd.o
                0x0000000008002f5e                HAL_PCD_EP_Close
 .text.HAL_PCD_EP_Receive
                0x0000000008002fbc       0x48 ./Drivers/STM32F4xx_HAL_Driver/Src/stm32f4xx_hal_pcd.o
                0x0000000008002fbc                HAL_PCD_EP_Receive
 .text.HAL_PCD_EP_GetRxCount
                0x0000000008003004       0x10 ./Drivers/STM32F4xx_HAL_Driver/Src/stm32f4xx_hal_pcd.o
                0x0000000008003004                HAL_PCD_EP_GetRxCount
 .text.HAL_PCD_EP_Transmit
                0x0000000008003014       0x40 ./Drivers/STM32F4xx_HAL_Driver/Src/stm32f4xx_hal_pcd.o
                0x0000000008003014                HAL_PCD_EP_Transmit
 .text.HAL_PCD_EP_SetStall
                0x0000000008003054       0x70 ./Drivers/STM32F4xx_HAL_Driver/Src/stm32f4xx_hal_pcd.o
                0x0000000008003054                HAL_PCD_EP_SetStall
 .text.HAL_PCD_EP_ClrStall
                0x00000000080030c4       0x6c ./Drivers/STM32F4xx_HAL_Driver/Src/stm32f4xx_hal_pcd.o
                0x00000000080030c4                HAL_PCD_EP_ClrStall
 .text.HAL_PCD_EP_Abort
                0x0000000008003130       0x20 ./Drivers/STM32F4xx_HAL_Driver/Src/stm32f4xx_hal_pcd.o
                0x0000000008003130                HAL_PCD_EP_Abort
 .text.HAL_PCD_IRQHandler
                0x0000000008003150      0x688 ./Drivers/STM32F4xx_HAL_Driver/Src/stm32f4xx_hal_pcd.o
                0x0000000008003150                HAL_PCD_IRQHandler
 .text.HAL_PCDEx_SetTxFiFo
                0x00000000080037d8       0x3e ./Drivers/STM32F4xx_HAL_Driver/Src/stm32f4xx_hal_pcd_ex.o
                0x00000000080037d8                HAL_PCDEx_SetTxFiFo
 .text.HAL_PCDEx_SetRxFiFo
                0x0000000008003816        0x8 ./Drivers/STM32F4xx_HAL_Driver/Src/stm32f4xx_hal_pcd_ex.o
                0x0000000008003816                HAL_PCDEx_SetRxFiFo
 .text.HAL_PCDEx_LPM_Callback
                0x000000000800381e        0x2 ./Drivers/STM32F4xx_HAL_Driver/Src/stm32f4xx_hal_pcd_ex.o
                0x000000000800381e                HAL_PCDEx_LPM_Callback
 .text.HAL_RCC_OscConfig
                0x0000000008003820      0x448 ./Drivers/STM32F4xx_HAL_Driver/Src/stm32f4xx_hal_rcc.o
                0x0000000008003820                HAL_RCC_OscConfig
 .text.HAL_RCC_GetSysClockFreq
                0x0000000008003c68       0x5c ./Drivers/STM32F4xx_HAL_Driver/Src/stm32f4xx_hal_rcc.o
                0x0000000008003c68                HAL_RCC_GetSysClockFreq
 .text.HAL_RCC_ClockConfig
                0x0000000008003cc4      0x1f0 ./Drivers/STM32F4xx_HAL_Driver/Src/stm32f4xx_hal_rcc.o
                0x0000000008003cc4                HAL_RCC_ClockConfig
 .text.HAL_RCC_GetHCLKFreq
                0x0000000008003eb4        0xc ./Drivers/STM32F4xx_HAL_Driver/Src/stm32f4xx_hal_rcc.o
                0x0000000008003eb4                HAL_RCC_GetHCLKFreq
 .text.HAL_RCC_GetPCLK1Freq
                0x0000000008003ec0       0x20 ./Drivers/STM32F4xx_HAL_Driver/Src/stm32f4xx_hal_rcc.o
                0x0000000008003ec0                HAL_RCC_GetPCLK1Freq
 .text.HAL_RCC_GetPCLK2Freq
                0x0000000008003ee0       0x20 ./Drivers/STM32F4xx_HAL_Driver/Src/stm32f4xx_hal_rcc.o
                0x0000000008003ee0                HAL_RCC_GetPCLK2Freq
 .text.SPI_WaitFlagStateUntilTimeout.constprop.0
                0x0000000008003f00       0xb0 ./Drivers/STM32F4xx_HAL_Driver/Src/stm32f4xx_hal_spi.o
 .text.SPI_EndRxTxTransaction
                0x0000000008003fb0       0x58 ./Drivers/STM32F4xx_HAL_Driver/Src/stm32f4xx_hal_spi.o
 .text.HAL_SPI_Init
                0x0000000008004008      0x220 ./Drivers/STM32F4xx_HAL_Driver/Src/stm32f4xx_hal_spi.o
                0x0000000008004008                HAL_SPI_Init
 .text.HAL_SPI_Transmit_DMA
                0x0000000008004228       0xf0 ./Drivers/STM32F4xx_HAL_Driver/Src/stm32f4xx_hal_spi.o
                0x0000000008004228                HAL_SPI_Transmit_DMA
 .text.HAL_SPI_TxCpltCallback
                0x0000000008004318        0x2 ./Drivers/STM32F4xx_HAL_Driver/Src/stm32f4xx_hal_spi.o
                0x0000000008004318                HAL_SPI_TxCpltCallback
 .text.HAL_SPI_TxHalfCpltCallback
                0x000000000800431a        0x2 ./Drivers/STM32F4xx_HAL_Driver/Src/stm32f4xx_hal_spi.o
                0x000000000800431a                HAL_SPI_TxHalfCpltCallback
 .text.SPI_DMAHalfTransmitCplt
                0x000000000800431c        0xa ./Drivers/STM32F4xx_HAL_Driver/Src/stm32f4xx_hal_spi.o
 .text.HAL_SPI_ErrorCallback
                0x0000000008004326        0x2 ./Drivers/STM32F4xx_HAL_Driver/Src/stm32f4xx_hal_spi.o
                0x0000000008004326                HAL_SPI_ErrorCallback
 .text.SPI_DMAError
                0x0000000008004328       0x22 ./Drivers/STM32F4xx_HAL_Driver/Src/stm32f4xx_hal_spi.o
 .text.SPI_DMATransmitCplt
                0x000000000800434a       0x6a ./Drivers/STM32F4xx_HAL_Driver/Src/stm32f4xx_hal_spi.o
 .text.HAL_SPI_GetState
                0x00000000080043b4        0x6 ./Drivers/STM32F4xx_HAL_Driver/Src/stm32f4xx_hal_spi.o
                0x00000000080043b4                HAL_SPI_GetState
 *fill*         0x00000000080043ba        0x2 
 .text.UART_SetConfig
                0x00000000080043bc      0x118 ./Drivers/STM32F4xx_HAL_Driver/Src/stm32f4xx_hal_uart.o
 .text.UART_WaitOnFlagUntilTimeout.constprop.0
                0x00000000080044d4       0x6c ./Drivers/STM32F4xx_HAL_Driver/Src/stm32f4xx_hal_uart.o
 .text.HAL_UART_Init
                0x0000000008004540       0xe4 ./Drivers/STM32F4xx_HAL_Driver/Src/stm32f4xx_hal_uart.o
                0x0000000008004540                HAL_UART_Init
 .text.HAL_UART_Transmit
                0x0000000008004624       0xaa ./Drivers/STM32F4xx_HAL_Driver/Src/stm32f4xx_hal_uart.o
                0x0000000008004624                HAL_UART_Transmit
 .text.HAL_UART_Receive
                0x00000000080046ce       0xbc ./Drivers/STM32F4xx_HAL_Driver/Src/stm32f4xx_hal_uart.o
                0x00000000080046ce                HAL_UART_Receive
 *fill*         0x000000000800478a        0x2 
 .text.USB_CoreReset
                0x000000000800478c       0x4c ./Drivers/STM32F4xx_HAL_Driver/Src/stm32f4xx_ll_usb.o
 .text.USB_CoreInit
                0x00000000080047d8       0x80 ./Drivers/STM32F4xx_HAL_Driver/Src/stm32f4xx_ll_usb.o
                0x00000000080047d8                USB_CoreInit
 .text.USB_SetTurnaroundTime
                0x0000000008004858       0xe0 ./Drivers/STM32F4xx_HAL_Driver/Src/stm32f4xx_ll_usb.o
                0x0000000008004858                USB_SetTurnaroundTime
 .text.USB_EnableGlobalInt
                0x0000000008004938        0xc ./Drivers/STM32F4xx_HAL_Driver/Src/stm32f4xx_ll_usb.o
                0x0000000008004938                USB_EnableGlobalInt
 .text.USB_DisableGlobalInt
                0x0000000008004944        0xc ./Drivers/STM32F4xx_HAL_Driver/Src/stm32f4xx_ll_usb.o
                0x0000000008004944                USB_DisableGlobalInt
 .text.USB_SetCurrentMode
                0x0000000008004950       0x60 ./Drivers/STM32F4xx_HAL_Driver/Src/stm32f4xx_ll_usb.o
                0x0000000008004950                USB_SetCurrentMode
 .text.USB_FlushTxFifo
                0x00000000080049b0       0x4c ./Drivers/STM32F4xx_HAL_Driver/Src/stm32f4xx_ll_usb.o
                0x00000000080049b0                USB_FlushTxFifo
 .text.USB_FlushRxFifo
                0x00000000080049fc       0x48 ./Drivers/STM32F4xx_HAL_Driver/Src/stm32f4xx_ll_usb.o
                0x00000000080049fc                USB_FlushRxFifo
 .text.USB_SetDevSpeed
                0x0000000008004a44        0xe ./Drivers/STM32F4xx_HAL_Driver/Src/stm32f4xx_ll_usb.o
                0x0000000008004a44                USB_SetDevSpeed
 *fill*         0x0000000008004a52        0x2 
 .text.USB_DevInit
                0x0000000008004a54      0x17c ./Drivers/STM32F4xx_HAL_Driver/Src/stm32f4xx_ll_usb.o
                0x0000000008004a54                USB_DevInit
 .text.USB_GetDevSpeed
                0x0000000008004bd0       0x16 ./Drivers/STM32F4xx_HAL_Driver/Src/stm32f4xx_ll_usb.o
                0x0000000008004bd0                USB_GetDevSpeed
 .text.USB_ActivateEndpoint
                0x0000000008004be6       0x7e ./Drivers/STM32F4xx_HAL_Driver/Src/stm32f4xx_ll_usb.o
                0x0000000008004be6                USB_ActivateEndpoint
 .text.USB_DeactivateEndpoint
                0x0000000008004c64       0xac ./Drivers/STM32F4xx_HAL_Driver/Src/stm32f4xx_ll_usb.o
                0x0000000008004c64                USB_DeactivateEndpoint
 .text.USB_EP0StartXfer
                0x0000000008004d10       0xf8 ./Drivers/STM32F4xx_HAL_Driver/Src/stm32f4xx_ll_usb.o
                0x0000000008004d10                USB_EP0StartXfer
 .text.USB_EPStopXfer
                0x0000000008004e08       0x84 ./Drivers/STM32F4xx_HAL_Driver/Src/stm32f4xx_ll_usb.o
                0x0000000008004e08                USB_EPStopXfer
 .text.USB_WritePacket
                0x0000000008004e8c       0x26 ./Drivers/STM32F4xx_HAL_Driver/Src/stm32f4xx_ll_usb.o
                0x0000000008004e8c                USB_WritePacket
 *fill*         0x0000000008004eb2        0x2 
 .text.USB_EPStartXfer
                0x0000000008004eb4      0x208 ./Drivers/STM32F4xx_HAL_Driver/Src/stm32f4xx_ll_usb.o
                0x0000000008004eb4                USB_EPStartXfer
 .text.USB_ReadPacket
                0x00000000080050bc       0x40 ./Drivers/STM32F4xx_HAL_Driver/Src/stm32f4xx_ll_usb.o
                0x00000000080050bc                USB_ReadPacket
 .text.USB_EPSetStall
                0x00000000080050fc       0x56 ./Drivers/STM32F4xx_HAL_Driver/Src/stm32f4xx_ll_usb.o
                0x00000000080050fc                USB_EPSetStall
 .text.USB_EPClearStall
                0x0000000008005152       0x52 ./Drivers/STM32F4xx_HAL_Driver/Src/stm32f4xx_ll_usb.o
                0x0000000008005152                USB_EPClearStall
 .text.USB_SetDevAddress
                0x00000000080051a4       0x20 ./Drivers/STM32F4xx_HAL_Driver/Src/stm32f4xx_ll_usb.o
                0x00000000080051a4                USB_SetDevAddress
 .text.USB_DevConnect
                0x00000000080051c4       0x1c ./Drivers/STM32F4xx_HAL_Driver/Src/stm32f4xx_ll_usb.o
                0x00000000080051c4                USB_DevConnect
 .text.USB_DevDisconnect
                0x00000000080051e0       0x1c ./Drivers/STM32F4xx_HAL_Driver/Src/stm32f4xx_ll_usb.o
                0x00000000080051e0                USB_DevDisconnect
 .text.USB_ReadInterrupts
                0x00000000080051fc        0x8 ./Drivers/STM32F4xx_HAL_Driver/Src/stm32f4xx_ll_usb.o
                0x00000000080051fc                USB_ReadInterrupts
 .text.USB_ReadDevAllOutEpInterrupt
                0x0000000008005204       0x10 ./Drivers/STM32F4xx_HAL_Driver/Src/stm32f4xx_ll_usb.o
                0x0000000008005204                USB_ReadDevAllOutEpInterrupt
 .text.USB_ReadDevAllInEpInterrupt
                0x0000000008005214       0x10 ./Drivers/STM32F4xx_HAL_Driver/Src/stm32f4xx_ll_usb.o
                0x0000000008005214                USB_ReadDevAllInEpInterrupt
 .text.USB_ReadDevOutEPInterrupt
                0x0000000008005224       0x12 ./Drivers/STM32F4xx_HAL_Driver/Src/stm32f4xx_ll_usb.o
                0x0000000008005224                USB_ReadDevOutEPInterrupt
 .text.USB_ReadDevInEPInterrupt
                0x0000000008005236       0x22 ./Drivers/STM32F4xx_HAL_Driver/Src/stm32f4xx_ll_usb.o
                0x0000000008005236                USB_ReadDevInEPInterrupt
 .text.USB_GetMode
                0x0000000008005258        0x8 ./Drivers/STM32F4xx_HAL_Driver/Src/stm32f4xx_ll_usb.o
                0x0000000008005258                USB_GetMode
 .text.USB_ActivateSetup
                0x0000000008005260       0x20 ./Drivers/STM32F4xx_HAL_Driver/Src/stm32f4xx_ll_usb.o
                0x0000000008005260                USB_ActivateSetup
 .text.USB_EP0_OutStart
                0x0000000008005280       0x4c ./Drivers/STM32F4xx_HAL_Driver/Src/stm32f4xx_ll_usb.o
                0x0000000008005280                USB_EP0_OutStart
 .text.USBD_CDC_EP0_RxReady
                0x00000000080052cc       0x38 ./Middlewares/ST/STM32_USB_Device_Library/Class/CDC/Src/usbd_cdc.o
 .text.USBD_CDC_GetDeviceQualifierDescriptor
                0x0000000008005304        0xc ./Middlewares/ST/STM32_USB_Device_Library/Class/CDC/Src/usbd_cdc.o
                0x0000000008005304                USBD_CDC_GetDeviceQualifierDescriptor
 .text.USBD_CDC_GetFSCfgDesc
                0x0000000008005310       0x48 ./Middlewares/ST/STM32_USB_Device_Library/Class/CDC/Src/usbd_cdc.o
 .text.USBD_CDC_GetOtherSpeedCfgDesc
                0x0000000008005358        0x4 ./Middlewares/ST/STM32_USB_Device_Library/Class/CDC/Src/usbd_cdc.o
 .text.USBD_CDC_GetHSCfgDesc
                0x000000000800535c       0x48 ./Middlewares/ST/STM32_USB_Device_Library/Class/CDC/Src/usbd_cdc.o
 .text.USBD_CDC_DataOut
                0x00000000080053a4       0x38 ./Middlewares/ST/STM32_USB_Device_Library/Class/CDC/Src/usbd_cdc.o
 .text.USBD_CDC_DataIn
                0x00000000080053dc       0x64 ./Middlewares/ST/STM32_USB_Device_Library/Class/CDC/Src/usbd_cdc.o
 .text.USBD_CDC_Setup
                0x0000000008005440       0xf0 ./Middlewares/ST/STM32_USB_Device_Library/Class/CDC/Src/usbd_cdc.o
 .text.USBD_CDC_DeInit
                0x0000000008005530       0x5a ./Middlewares/ST/STM32_USB_Device_Library/Class/CDC/Src/usbd_cdc.o
 .text.USBD_CDC_Init
                0x000000000800558a       0xc6 ./Middlewares/ST/STM32_USB_Device_Library/Class/CDC/Src/usbd_cdc.o
 .text.USBD_CDC_RegisterInterface
                0x0000000008005650       0x16 ./Middlewares/ST/STM32_USB_Device_Library/Class/CDC/Src/usbd_cdc.o
                0x0000000008005650                USBD_CDC_RegisterInterface
 .text.USBD_CDC_SetTxBuffer
                0x0000000008005666       0x1c ./Middlewares/ST/STM32_USB_Device_Library/Class/CDC/Src/usbd_cdc.o
                0x0000000008005666                USBD_CDC_SetTxBuffer
 .text.USBD_CDC_SetRxBuffer
                0x0000000008005682       0x18 ./Middlewares/ST/STM32_USB_Device_Library/Class/CDC/Src/usbd_cdc.o
                0x0000000008005682                USBD_CDC_SetRxBuffer
 .text.USBD_CDC_TransmitPacket
                0x000000000800569a       0x36 ./Middlewares/ST/STM32_USB_Device_Library/Class/CDC/Src/usbd_cdc.o
                0x000000000800569a                USBD_CDC_TransmitPacket
 .text.USBD_CDC_ReceivePacket
                0x00000000080056d0       0x2c ./Middlewares/ST/STM32_USB_Device_Library/Class/CDC/Src/usbd_cdc.o
                0x00000000080056d0                USBD_CDC_ReceivePacket
 .text.USBD_Init
                0x00000000080056fc       0x26 ./Middlewares/ST/STM32_USB_Device_Library/Core/Src/usbd_core.o
                0x00000000080056fc                USBD_Init
 .text.USBD_RegisterClass
                0x0000000008005722       0x32 ./Middlewares/ST/STM32_USB_Device_Library/Core/Src/usbd_core.o
                0x0000000008005722                USBD_RegisterClass
 .text.USBD_Start
                0x0000000008005754        0x4 ./Middlewares/ST/STM32_USB_Device_Library/Core/Src/usbd_core.o
                0x0000000008005754                USBD_Start
 .text.USBD_SetClassConfig
                0x0000000008005758        0xe ./Middlewares/ST/STM32_USB_Device_Library/Core/Src/usbd_core.o
                0x0000000008005758                USBD_SetClassConfig
 .text.USBD_ClrClassConfig
                0x0000000008005766       0x12 ./Middlewares/ST/STM32_USB_Device_Library/Core/Src/usbd_core.o
                0x0000000008005766                USBD_ClrClassConfig
 .text.USBD_LL_SetupStage
                0x0000000008005778       0x60 ./Middlewares/ST/STM32_USB_Device_Library/Core/Src/usbd_core.o
                0x0000000008005778                USBD_LL_SetupStage
 .text.USBD_LL_DataOutStage
                0x00000000080057d8       0x6a ./Middlewares/ST/STM32_USB_Device_Library/Core/Src/usbd_core.o
                0x00000000080057d8                USBD_LL_DataOutStage
 .text.USBD_LL_DataInStage
                0x0000000008005842       0xa6 ./Middlewares/ST/STM32_USB_Device_Library/Core/Src/usbd_core.o
                0x0000000008005842                USBD_LL_DataInStage
 .text.USBD_LL_Reset
                0x00000000080058e8       0x5e ./Middlewares/ST/STM32_USB_Device_Library/Core/Src/usbd_core.o
                0x00000000080058e8                USBD_LL_Reset
 .text.USBD_LL_SetSpeed
                0x0000000008005946        0x6 ./Middlewares/ST/STM32_USB_Device_Library/Core/Src/usbd_core.o
                0x0000000008005946                USBD_LL_SetSpeed
 .text.USBD_LL_Suspend
                0x000000000800594c       0x14 ./Middlewares/ST/STM32_USB_Device_Library/Core/Src/usbd_core.o
                0x000000000800594c                USBD_LL_Suspend
 .text.USBD_LL_Resume
                0x0000000008005960       0x16 ./Middlewares/ST/STM32_USB_Device_Library/Core/Src/usbd_core.o
                0x0000000008005960                USBD_LL_Resume
 .text.USBD_LL_SOF
                0x0000000008005976       0x1a ./Middlewares/ST/STM32_USB_Device_Library/Core/Src/usbd_core.o
                0x0000000008005976                USBD_LL_SOF
 .text.USBD_LL_IsoINIncomplete
                0x0000000008005990       0x26 ./Middlewares/ST/STM32_USB_Device_Library/Core/Src/usbd_core.o
                0x0000000008005990                USBD_LL_IsoINIncomplete
 .text.USBD_LL_IsoOUTIncomplete
                0x00000000080059b6       0x26 ./Middlewares/ST/STM32_USB_Device_Library/Core/Src/usbd_core.o
                0x00000000080059b6                USBD_LL_IsoOUTIncomplete
 .text.USBD_LL_DevConnected
                0x00000000080059dc        0x4 ./Middlewares/ST/STM32_USB_Device_Library/Core/Src/usbd_core.o
                0x00000000080059dc                USBD_LL_DevConnected
 .text.USBD_LL_DevDisconnected
                0x00000000080059e0       0x20 ./Middlewares/ST/STM32_USB_Device_Library/Core/Src/usbd_core.o
                0x00000000080059e0                USBD_LL_DevDisconnected
 .text.USBD_CoreFindIF
                0x0000000008005a00        0x4 ./Middlewares/ST/STM32_USB_Device_Library/Core/Src/usbd_core.o
                0x0000000008005a00                USBD_CoreFindIF
 .text.USBD_CoreFindEP
                0x0000000008005a04        0x4 ./Middlewares/ST/STM32_USB_Device_Library/Core/Src/usbd_core.o
                0x0000000008005a04                USBD_CoreFindEP
 .text.USBD_GetEpDesc
                0x0000000008005a08       0x24 ./Middlewares/ST/STM32_USB_Device_Library/Core/Src/usbd_core.o
                0x0000000008005a08                USBD_GetEpDesc
 .text.USBD_CtlError.constprop.0
                0x0000000008005a2c       0x16 ./Middlewares/ST/STM32_USB_Device_Library/Core/Src/usbd_ctlreq.o
 *fill*         0x0000000008005a42        0x2 
 .text.USBD_StdDevReq
                0x0000000008005a44      0x28c ./Middlewares/ST/STM32_USB_Device_Library/Core/Src/usbd_ctlreq.o
                0x0000000008005a44                USBD_StdDevReq
 .text.USBD_StdItfReq
                0x0000000008005cd0       0x5a ./Middlewares/ST/STM32_USB_Device_Library/Core/Src/usbd_ctlreq.o
                0x0000000008005cd0                USBD_StdItfReq
 .text.USBD_StdEPReq
                0x0000000008005d2a      0x13a ./Middlewares/ST/STM32_USB_Device_Library/Core/Src/usbd_ctlreq.o
                0x0000000008005d2a                USBD_StdEPReq
 .text.USBD_ParseSetupRequest
                0x0000000008005e64       0x16 ./Middlewares/ST/STM32_USB_Device_Library/Core/Src/usbd_ctlreq.o
                0x0000000008005e64                USBD_ParseSetupRequest
 .text.USBD_CtlError
                0x0000000008005e7a       0x16 ./Middlewares/ST/STM32_USB_Device_Library/Core/Src/usbd_ctlreq.o
                0x0000000008005e7a                USBD_CtlError
 .text.USBD_GetString
                0x0000000008005e90       0x38 ./Middlewares/ST/STM32_USB_Device_Library/Core/Src/usbd_ctlreq.o
                0x0000000008005e90                USBD_GetString
 .text.USBD_CtlSendData
                0x0000000008005ec8       0x1a ./Middlewares/ST/STM32_USB_Device_Library/Core/Src/usbd_ioreq.o
                0x0000000008005ec8                USBD_CtlSendData
 .text.USBD_CtlContinueSendData
                0x0000000008005ee2       0x10 ./Middlewares/ST/STM32_USB_Device_Library/Core/Src/usbd_ioreq.o
                0x0000000008005ee2                USBD_CtlContinueSendData
 .text.USBD_CtlPrepareRx
                0x0000000008005ef2       0x1a ./Middlewares/ST/STM32_USB_Device_Library/Core/Src/usbd_ioreq.o
                0x0000000008005ef2                USBD_CtlPrepareRx
 .text.USBD_CtlContinueRx
                0x0000000008005f0c       0x10 ./Middlewares/ST/STM32_USB_Device_Library/Core/Src/usbd_ioreq.o
                0x0000000008005f0c                USBD_CtlContinueRx
 .text.USBD_CtlSendStatus
                0x0000000008005f1c       0x16 ./Middlewares/ST/STM32_USB_Device_Library/Core/Src/usbd_ioreq.o
                0x0000000008005f1c                USBD_CtlSendStatus
 .text.USBD_CtlReceiveStatus
                0x0000000008005f32       0x16 ./Middlewares/ST/STM32_USB_Device_Library/Core/Src/usbd_ioreq.o
                0x0000000008005f32                USBD_CtlReceiveStatus
 .text.MX_USB_DEVICE_Init
                0x0000000008005f48       0x50 ./USB_DEVICE/App/usb_device.o
                0x0000000008005f48                MX_USB_DEVICE_Init
 .text.CDC_Control_FS
                0x0000000008005f98        0x4 ./USB_DEVICE/App/usbd_cdc_if.o
 .text.CDC_TransmitCplt_FS
                0x0000000008005f9c        0x4 ./USB_DEVICE/App/usbd_cdc_if.o
 .text.CDC_Receive_FS
                0x0000000008005fa0       0x2c ./USB_DEVICE/App/usbd_cdc_if.o
 .text.CDC_DeInit_FS
                0x0000000008005fcc       0x1c ./USB_DEVICE/App/usbd_cdc_if.o
 .text.CDC_Init_FS
                0x0000000008005fe8       0x50 ./USB_DEVICE/App/usbd_cdc_if.o
 .text.CDC_Transmit_FS
                0x0000000008006038       0x2c ./USB_DEVICE/App/usbd_cdc_if.o
                0x0000000008006038                CDC_Transmit_FS
 .text.USBD_FS_DeviceDescriptor
                0x0000000008006064        0xc ./USB_DEVICE/App/usbd_desc.o
                0x0000000008006064                USBD_FS_DeviceDescriptor
 .text.USBD_FS_LangIDStrDescriptor
                0x0000000008006070        0xc ./USB_DEVICE/App/usbd_desc.o
                0x0000000008006070                USBD_FS_LangIDStrDescriptor
 .text.IntToUnicode
                0x000000000800607c       0x2a ./USB_DEVICE/App/usbd_desc.o
 *fill*         0x00000000080060a6        0x2 
 .text.USBD_FS_SerialStrDescriptor
                0x00000000080060a8       0x3c ./USB_DEVICE/App/usbd_desc.o
                0x00000000080060a8                USBD_FS_SerialStrDescriptor
 .text.USBD_FS_ManufacturerStrDescriptor
                0x00000000080060e4       0x1c ./USB_DEVICE/App/usbd_desc.o
                0x00000000080060e4                USBD_FS_ManufacturerStrDescriptor
 .text.USBD_FS_ProductStrDescriptor
                0x0000000008006100       0x1c ./USB_DEVICE/App/usbd_desc.o
                0x0000000008006100                USBD_FS_ProductStrDescriptor
 .text.USBD_FS_ConfigStrDescriptor
                0x000000000800611c       0x1c ./USB_DEVICE/App/usbd_desc.o
                0x000000000800611c                USBD_FS_ConfigStrDescriptor
 .text.USBD_FS_InterfaceStrDescriptor
                0x0000000008006138       0x1c ./USB_DEVICE/App/usbd_desc.o
                0x0000000008006138                USBD_FS_InterfaceStrDescriptor
 .text.HAL_PCD_MspInit
                0x0000000008006154       0x94 ./USB_DEVICE/Target/usbd_conf.o
                0x0000000008006154                HAL_PCD_MspInit
 .text.HAL_PCD_SetupStageCallback
                0x00000000080061e8        0xc ./USB_DEVICE/Target/usbd_conf.o
                0x00000000080061e8                HAL_PCD_SetupStageCallback
 .text.HAL_PCD_DataOutStageCallback
                0x00000000080061f4       0x12 ./USB_DEVICE/Target/usbd_conf.o
                0x00000000080061f4                HAL_PCD_DataOutStageCallback
 .text.HAL_PCD_DataInStageCallback
                0x0000000008006206       0x10 ./USB_DEVICE/Target/usbd_conf.o
                0x0000000008006206                HAL_PCD_DataInStageCallback
 .text.HAL_PCD_SOFCallback
                0x0000000008006216        0x8 ./USB_DEVICE/Target/usbd_conf.o
                0x0000000008006216                HAL_PCD_SOFCallback
 .text.HAL_PCD_ResetCallback
                0x000000000800621e       0x24 ./USB_DEVICE/Target/usbd_conf.o
                0x000000000800621e                HAL_PCD_ResetCallback
 *fill*         0x0000000008006242        0x2 
 .text.HAL_PCD_SuspendCallback
                0x0000000008006244       0x30 ./USB_DEVICE/Target/usbd_conf.o
                0x0000000008006244                HAL_PCD_SuspendCallback
 .text.HAL_PCD_ResumeCallback
                0x0000000008006274        0x8 ./USB_DEVICE/Target/usbd_conf.o
                0x0000000008006274                HAL_PCD_ResumeCallback
 .text.HAL_PCD_ISOOUTIncompleteCallback
                0x000000000800627c        0x8 ./USB_DEVICE/Target/usbd_conf.o
                0x000000000800627c                HAL_PCD_ISOOUTIncompleteCallback
 .text.HAL_PCD_ISOINIncompleteCallback
                0x0000000008006284        0x8 ./USB_DEVICE/Target/usbd_conf.o
                0x0000000008006284                HAL_PCD_ISOINIncompleteCallback
 .text.HAL_PCD_ConnectCallback
                0x000000000800628c        0x8 ./USB_DEVICE/Target/usbd_conf.o
                0x000000000800628c                HAL_PCD_ConnectCallback
 .text.HAL_PCD_DisconnectCallback
                0x0000000008006294        0x8 ./USB_DEVICE/Target/usbd_conf.o
                0x0000000008006294                HAL_PCD_DisconnectCallback
 .text.USBD_LL_Init
                0x000000000800629c       0x60 ./USB_DEVICE/Target/usbd_conf.o
                0x000000000800629c                USBD_LL_Init
 .text.USBD_LL_IsStallEP
                0x00000000080062fc       0x26 ./USB_DEVICE/Target/usbd_conf.o
                0x00000000080062fc                USBD_LL_IsStallEP
 .text.USBD_LL_GetRxDataSize
                0x0000000008006322        0x8 ./USB_DEVICE/Target/usbd_conf.o
                0x0000000008006322                USBD_LL_GetRxDataSize
 *fill*         0x000000000800632a        0x2 
 .text.USBD_static_malloc
                0x000000000800632c        0x8 ./USB_DEVICE/Target/usbd_conf.o
                0x000000000800632c                USBD_static_malloc
 .text.USBD_static_free
                0x0000000008006334        0x2 ./USB_DEVICE/Target/usbd_conf.o
                0x0000000008006334                USBD_static_free
 .text.USBD_Get_USB_Status
                0x0000000008006336        0xc ./USB_DEVICE/Target/usbd_conf.o
                0x0000000008006336                USBD_Get_USB_Status
 .text.USBD_LL_Start
                0x0000000008006342       0x12 ./USB_DEVICE/Target/usbd_conf.o
                0x0000000008006342                USBD_LL_Start
 .text.USBD_LL_OpenEP
                0x0000000008006354       0x18 ./USB_DEVICE/Target/usbd_conf.o
                0x0000000008006354                USBD_LL_OpenEP
 .text.USBD_LL_CloseEP
                0x000000000800636c       0x12 ./USB_DEVICE/Target/usbd_conf.o
                0x000000000800636c                USBD_LL_CloseEP
 .text.USBD_LL_StallEP
                0x000000000800637e       0x12 ./USB_DEVICE/Target/usbd_conf.o
                0x000000000800637e                USBD_LL_StallEP
 .text.USBD_LL_ClearStallEP
                0x0000000008006390       0x12 ./USB_DEVICE/Target/usbd_conf.o
                0x0000000008006390                USBD_LL_ClearStallEP
 .text.USBD_LL_SetUSBAddress
                0x00000000080063a2       0x12 ./USB_DEVICE/Target/usbd_conf.o
                0x00000000080063a2                USBD_LL_SetUSBAddress
 .text.USBD_LL_Transmit
                0x00000000080063b4       0x12 ./USB_DEVICE/Target/usbd_conf.o
                0x00000000080063b4                USBD_LL_Transmit
 .text.USBD_LL_PrepareReceive
                0x00000000080063c6       0x12 ./USB_DEVICE/Target/usbd_conf.o
                0x00000000080063c6                USBD_LL_PrepareReceive
 .text.__errno  0x00000000080063d8        0xc /usr/lib/gcc/arm-none-eabi/12.2.0/../../../../arm-none-eabi/lib/thumb/v7e-m+fp/hard/libc_nano.a(lib_a-errno.o)
                0x00000000080063d8                __errno
 .text.__sflush_r
                0x00000000080063e4      0x10c /usr/lib/gcc/arm-none-eabi/12.2.0/../../../../arm-none-eabi/lib/thumb/v7e-m+fp/hard/libc_nano.a(lib_a-fflush.o)
                0x00000000080063e4                __sflush_r
 .text._fflush_r
                0x00000000080064f0       0x78 /usr/lib/gcc/arm-none-eabi/12.2.0/../../../../arm-none-eabi/lib/thumb/v7e-m+fp/hard/libc_nano.a(lib_a-fflush.o)
                0x00000000080064f0                _fflush_r
 .text.fflush   0x0000000008006568       0x24 /usr/lib/gcc/arm-none-eabi/12.2.0/../../../../arm-none-eabi/lib/thumb/v7e-m+fp/hard/libc_nano.a(lib_a-fflush.o)
                0x0000000008006568                fflush
 .text.std      0x000000000800658c       0x48 /usr/lib/gcc/arm-none-eabi/12.2.0/../../../../arm-none-eabi/lib/thumb/v7e-m+fp/hard/libc_nano.a(lib_a-findfp.o)
 .text._cleanup_r
                0x00000000080065d4        0xc /usr/lib/gcc/arm-none-eabi/12.2.0/../../../../arm-none-eabi/lib/thumb/v7e-m+fp/hard/libc_nano.a(lib_a-findfp.o)
                0x00000000080065d4                _cleanup_r
 .text.__sfmoreglue
                0x00000000080065e0       0x2c /usr/lib/gcc/arm-none-eabi/12.2.0/../../../../arm-none-eabi/lib/thumb/v7e-m+fp/hard/libc_nano.a(lib_a-findfp.o)
                0x00000000080065e0                __sfmoreglue
 .text.__sfp_lock_acquire
                0x000000000800660c        0xc /usr/lib/gcc/arm-none-eabi/12.2.0/../../../../arm-none-eabi/lib/thumb/v7e-m+fp/hard/libc_nano.a(lib_a-findfp.o)
                0x000000000800660c                __sfp_lock_acquire
 .text.__sfp_lock_release
                0x0000000008006618        0xc /usr/lib/gcc/arm-none-eabi/12.2.0/../../../../arm-none-eabi/lib/thumb/v7e-m+fp/hard/libc_nano.a(lib_a-findfp.o)
                0x0000000008006618                __sfp_lock_release
 .text.__sinit_lock_acquire
                0x0000000008006624        0xc /usr/lib/gcc/arm-none-eabi/12.2.0/../../../../arm-none-eabi/lib/thumb/v7e-m+fp/hard/libc_nano.a(lib_a-findfp.o)
                0x0000000008006624                __sinit_lock_acquire
 .text.__sinit_lock_release
                0x0000000008006630        0xc /usr/lib/gcc/arm-none-eabi/12.2.0/../../../../arm-none-eabi/lib/thumb/v7e-m+fp/hard/libc_nano.a(lib_a-findfp.o)
                0x0000000008006630                __sinit_lock_release
 .text.__sinit  0x000000000800663c       0x70 /usr/lib/gcc/arm-none-eabi/12.2.0/../../../../arm-none-eabi/lib/thumb/v7e-m+fp/hard/libc_nano.a(lib_a-findfp.o)
                0x000000000800663c                __sinit
 .text.__sfp    0x00000000080066ac       0x8c /usr/lib/gcc/arm-none-eabi/12.2.0/../../../../arm-none-eabi/lib/thumb/v7e-m+fp/hard/libc_nano.a(lib_a-findfp.o)
                0x00000000080066ac                __sfp
 .text._fwalk_reent
                0x0000000008006738       0x3e /usr/lib/gcc/arm-none-eabi/12.2.0/../../../../arm-none-eabi/lib/thumb/v7e-m+fp/hard/libc_nano.a(lib_a-fwalk.o)
                0x0000000008006738                _fwalk_reent
 *fill*         0x0000000008006776        0x2 
 .text.__libc_init_array
                0x0000000008006778       0x48 /usr/lib/gcc/arm-none-eabi/12.2.0/../../../../arm-none-eabi/lib/thumb/v7e-m+fp/hard/libc_nano.a(lib_a-init.o)
                0x0000000008006778                __libc_init_array
 .text.__retarget_lock_init_recursive
                0x00000000080067c0        0x2 /usr/lib/gcc/arm-none-eabi/12.2.0/../../../../arm-none-eabi/lib/thumb/v7e-m+fp/hard/libc_nano.a(lib_a-lock.o)
                0x00000000080067c0                __retarget_lock_init_recursive
 .text.__retarget_lock_acquire_recursive
                0x00000000080067c2        0x2 /usr/lib/gcc/arm-none-eabi/12.2.0/../../../../arm-none-eabi/lib/thumb/v7e-m+fp/hard/libc_nano.a(lib_a-lock.o)
                0x00000000080067c2                __retarget_lock_acquire_recursive
 .text.__retarget_lock_release_recursive
                0x00000000080067c4        0x2 /usr/lib/gcc/arm-none-eabi/12.2.0/../../../../arm-none-eabi/lib/thumb/v7e-m+fp/hard/libc_nano.a(lib_a-lock.o)
                0x00000000080067c4                __retarget_lock_release_recursive
 *fill*         0x00000000080067c6        0x2 
 .text.malloc   0x00000000080067c8       0x10 /usr/lib/gcc/arm-none-eabi/12.2.0/../../../../arm-none-eabi/lib/thumb/v7e-m+fp/hard/libc_nano.a(lib_a-malloc.o)
                0x00000000080067c8                malloc
 .text.free     0x00000000080067d8       0x10 /usr/lib/gcc/arm-none-eabi/12.2.0/../../../../arm-none-eabi/lib/thumb/v7e-m+fp/hard/libc_nano.a(lib_a-malloc.o)
                0x00000000080067d8                free
 .text.memcpy   0x00000000080067e8       0x1c /usr/lib/gcc/arm-none-eabi/12.2.0/../../../../arm-none-eabi/lib/thumb/v7e-m+fp/hard/libc_nano.a(lib_a-memcpy-stub.o)
                0x00000000080067e8                memcpy
 .text.memset   0x0000000008006804       0x10 /usr/lib/gcc/arm-none-eabi/12.2.0/../../../../arm-none-eabi/lib/thumb/v7e-m+fp/hard/libc_nano.a(lib_a-memset.o)
                0x0000000008006804                memset
 .text._free_r  0x0000000008006814       0x98 /usr/lib/gcc/arm-none-eabi/12.2.0/../../../../arm-none-eabi/lib/thumb/v7e-m+fp/hard/libc_nano.a(lib_a-nano-freer.o)
                0x0000000008006814                _free_r
 .text.sbrk_aligned
                0x00000000080068ac       0x40 /usr/lib/gcc/arm-none-eabi/12.2.0/../../../../arm-none-eabi/lib/thumb/v7e-m+fp/hard/libc_nano.a(lib_a-nano-mallocr.o)
 .text._malloc_r
                0x00000000080068ec       0xe8 /usr/lib/gcc/arm-none-eabi/12.2.0/../../../../arm-none-eabi/lib/thumb/v7e-m+fp/hard/libc_nano.a(lib_a-nano-mallocr.o)
                0x00000000080068ec                _malloc_r
 .text.printf   0x00000000080069d4       0x30 /usr/lib/gcc/arm-none-eabi/12.2.0/../../../../arm-none-eabi/lib/thumb/v7e-m+fp/hard/libc_nano.a(lib_a-printf.o)
                0x00000000080069d4                printf
                0x00000000080069d4                iprintf
 .text._puts_r  0x0000000008006a04       0xdc /usr/lib/gcc/arm-none-eabi/12.2.0/../../../../arm-none-eabi/lib/thumb/v7e-m+fp/hard/libc_nano.a(lib_a-puts.o)
                0x0000000008006a04                _puts_r
 .text.puts     0x0000000008006ae0       0x10 /usr/lib/gcc/arm-none-eabi/12.2.0/../../../../arm-none-eabi/lib/thumb/v7e-m+fp/hard/libc_nano.a(lib_a-puts.o)
                0x0000000008006ae0                puts
 .text._sbrk_r  0x0000000008006af0       0x20 /usr/lib/gcc/arm-none-eabi/12.2.0/../../../../arm-none-eabi/lib/thumb/v7e-m+fp/hard/libc_nano.a(lib_a-sbrkr.o)
                0x0000000008006af0                _sbrk_r
 .text.snprintf
                0x0000000008006b10       0x68 /usr/lib/gcc/arm-none-eabi/12.2.0/../../../../arm-none-eabi/lib/thumb/v7e-m+fp/hard/libc_nano.a(lib_a-snprintf.o)
                0x0000000008006b10                snprintf
                0x0000000008006b10                sniprintf
 .text.__sread  0x0000000008006b78       0x22 /usr/lib/gcc/arm-none-eabi/12.2.0/../../../../arm-none-eabi/lib/thumb/v7e-m+fp/hard/libc_nano.a(lib_a-stdio.o)
                0x0000000008006b78                __sread
 .text.__swrite
                0x0000000008006b9a       0x38 /usr/lib/gcc/arm-none-eabi/12.2.0/../../../../arm-none-eabi/lib/thumb/v7e-m+fp/hard/libc_nano.a(lib_a-stdio.o)
                0x0000000008006b9a                __swrite
 .text.__sseek  0x0000000008006bd2       0x24 /usr/lib/gcc/arm-none-eabi/12.2.0/../../../../arm-none-eabi/lib/thumb/v7e-m+fp/hard/libc_nano.a(lib_a-stdio.o)
                0x0000000008006bd2                __sseek
 .text.__sclose
                0x0000000008006bf6        0x8 /usr/lib/gcc/arm-none-eabi/12.2.0/../../../../arm-none-eabi/lib/thumb/v7e-m+fp/hard/libc_nano.a(lib_a-stdio.o)
                0x0000000008006bf6                __sclose
 *fill*         0x0000000008006bfe        0x2 
 .text.vprintf  0x0000000008006c00       0x30 /usr/lib/gcc/arm-none-eabi/12.2.0/../../../../arm-none-eabi/lib/thumb/v7e-m+fp/hard/libc_nano.a(lib_a-vprintf.o)
                0x0000000008006c00                vprintf
                0x0000000008006c00                viprintf
 .text.__swbuf_r
                0x0000000008006c30       0xa4 /usr/lib/gcc/arm-none-eabi/12.2.0/../../../../arm-none-eabi/lib/thumb/v7e-m+fp/hard/libc_nano.a(lib_a-wbuf.o)
                0x0000000008006c30                __swbuf_r
 .text._write_r
                0x0000000008006cd4       0x24 /usr/lib/gcc/arm-none-eabi/12.2.0/../../../../arm-none-eabi/lib/thumb/v7e-m+fp/hard/libc_nano.a(lib_a-writer.o)
                0x0000000008006cd4                _write_r
 .text.__swsetup_r
                0x0000000008006cf8       0xdc /usr/lib/gcc/arm-none-eabi/12.2.0/../../../../arm-none-eabi/lib/thumb/v7e-m+fp/hard/libc_nano.a(lib_a-wsetup.o)
                0x0000000008006cf8                __swsetup_r
 .text._close_r
                0x0000000008006dd4       0x20 /usr/lib/gcc/arm-none-eabi/12.2.0/../../../../arm-none-eabi/lib/thumb/v7e-m+fp/hard/libc_nano.a(lib_a-closer.o)
                0x0000000008006dd4                _close_r
 .text._lseek_r
                0x0000000008006df4       0x24 /usr/lib/gcc/arm-none-eabi/12.2.0/../../../../arm-none-eabi/lib/thumb/v7e-m+fp/hard/libc_nano.a(lib_a-lseekr.o)
                0x0000000008006df4                _lseek_r
 .text.__swhatbuf_r
                0x0000000008006e18       0x4c /usr/lib/gcc/arm-none-eabi/12.2.0/../../../../arm-none-eabi/lib/thumb/v7e-m+fp/hard/libc_nano.a(lib_a-makebuf.o)
                0x0000000008006e18                __swhatbuf_r
 .text.__smakebuf_r
                0x0000000008006e64       0x80 /usr/lib/gcc/arm-none-eabi/12.2.0/../../../../arm-none-eabi/lib/thumb/v7e-m+fp/hard/libc_nano.a(lib_a-makebuf.o)
                0x0000000008006e64                __smakebuf_r
 .text.__malloc_lock
                0x0000000008006ee4        0xc /usr/lib/gcc/arm-none-eabi/12.2.0/../../../../arm-none-eabi/lib/thumb/v7e-m+fp/hard/libc_nano.a(lib_a-mlock.o)
                0x0000000008006ee4                __malloc_lock
 .text.__malloc_unlock
                0x0000000008006ef0        0xc /usr/lib/gcc/arm-none-eabi/12.2.0/../../../../arm-none-eabi/lib/thumb/v7e-m+fp/hard/libc_nano.a(lib_a-mlock.o)
                0x0000000008006ef0                __malloc_unlock
 .text.__ssputs_r
                0x0000000008006efc       0xb4 /usr/lib/gcc/arm-none-eabi/12.2.0/../../../../arm-none-eabi/lib/thumb/v7e-m+fp/hard/libc_nano.a(lib_a-nano-svfprintf.o)
                0x0000000008006efc                __ssputs_r
 .text._svfprintf_r
                0x0000000008006fb0      0x1fc /usr/lib/gcc/arm-none-eabi/12.2.0/../../../../arm-none-eabi/lib/thumb/v7e-m+fp/hard/libc_nano.a(lib_a-nano-svfprintf.o)
                0x0000000008006fb0                _svfprintf_r
                0x0000000008006fb0                _svfiprintf_r
 .text._printf_common
                0x00000000080071ac       0xda /usr/lib/gcc/arm-none-eabi/12.2.0/../../../../arm-none-eabi/lib/thumb/v7e-m+fp/hard/libc_nano.a(lib_a-nano-vfprintf_i.o)
                0x00000000080071ac                _printf_common
 *fill*         0x0000000008007286        0x2 
 .text._printf_i
                0x0000000008007288      0x244 /usr/lib/gcc/arm-none-eabi/12.2.0/../../../../arm-none-eabi/lib/thumb/v7e-m+fp/hard/libc_nano.a(lib_a-nano-vfprintf_i.o)
                0x0000000008007288                _printf_i
 .text.__sfputc_r
                0x00000000080074cc       0x2e /usr/lib/gcc/arm-none-eabi/12.2.0/../../../../arm-none-eabi/lib/thumb/v7e-m+fp/hard/libc_nano.a(lib_a-nano-vfprintf.o)
 .text.__sfputs_r
                0x00000000080074fa       0x24 /usr/lib/gcc/arm-none-eabi/12.2.0/../../../../arm-none-eabi/lib/thumb/v7e-m+fp/hard/libc_nano.a(lib_a-nano-vfprintf.o)
                0x00000000080074fa                __sfputs_r
 *fill*         0x000000000800751e        0x2 
 .text._vfprintf_r
                0x0000000008007520      0x25c /usr/lib/gcc/arm-none-eabi/12.2.0/../../../../arm-none-eabi/lib/thumb/v7e-m+fp/hard/libc_nano.a(lib_a-nano-vfprintf.o)
                0x0000000008007520                _vfiprintf_r
                0x0000000008007520                _vfprintf_r
 .text._read_r  0x000000000800777c       0x24 /usr/lib/gcc/arm-none-eabi/12.2.0/../../../../arm-none-eabi/lib/thumb/v7e-m+fp/hard/libc_nano.a(lib_a-readr.o)
                0x000000000800777c                _read_r
 .text._fstat_r
                0x00000000080077a0       0x24 /usr/lib/gcc/arm-none-eabi/12.2.0/../../../../arm-none-eabi/lib/thumb/v7e-m+fp/hard/libc_nano.a(lib_a-fstatr.o)
                0x00000000080077a0                _fstat_r
 .text._isatty_r
                0x00000000080077c4       0x20 /usr/lib/gcc/arm-none-eabi/12.2.0/../../../../arm-none-eabi/lib/thumb/v7e-m+fp/hard/libc_nano.a(lib_a-isattyr.o)
                0x00000000080077c4                _isatty_r
 .text.memmove  0x00000000080077e4       0x34 /usr/lib/gcc/arm-none-eabi/12.2.0/../../../../arm-none-eabi/lib/thumb/v7e-m+fp/hard/libc_nano.a(lib_a-memmove.o)
                0x00000000080077e4                memmove
 .text._realloc_r
                0x0000000008007818       0x5e /usr/lib/gcc/arm-none-eabi/12.2.0/../../../../arm-none-eabi/lib/thumb/v7e-m+fp/hard/libc_nano.a(lib_a-nano-reallocr.o)
                0x0000000008007818                _realloc_r
 .text._malloc_usable_size_r
                0x0000000008007876       0x10 /usr/lib/gcc/arm-none-eabi/12.2.0/../../../../arm-none-eabi/lib/thumb/v7e-m+fp/hard/libc_nano.a(lib_a-nano-msizer.o)
                0x0000000008007876                _malloc_usable_size_r
 *fill*         0x0000000008007886        0x2 
 .text.round    0x0000000008007888       0xa0 /usr/lib/gcc/arm-none-eabi/12.2.0/../../../../arm-none-eabi/lib/thumb/v7e-m+fp/hard/libm.a(lib_a-s_round.o)
                0x0000000008007888                round
 .text.__udivmoddi4
                0x0000000008007928      0x2a0 /usr/lib/gcc/arm-none-eabi/12.2.0/thumb/v7e-m+fp/hard/libgcc.a(_udivmoddi4.o)
                0x0000000008007928                __udivmoddi4
 *(.glue_7)
 .glue_7        0x0000000008007bc8        0x0 linker stubs
 *(.glue_7t)
 .glue_7t       0x0000000008007bc8        0x0 linker stubs
 *(.eh_frame)
 .eh_frame      0x0000000008007bc8        0x0 /usr/lib/gcc/arm-none-eabi/12.2.0/thumb/v7e-m+fp/hard/crtbegin.o
 *(.init)
 .init          0x0000000008007bc8        0x4 /usr/lib/gcc/arm-none-eabi/12.2.0/thumb/v7e-m+fp/hard/crti.o
                0x0000000008007bc8                _init
 .init          0x0000000008007bcc        0x8 /usr/lib/gcc/arm-none-eabi/12.2.0/thumb/v7e-m+fp/hard/crtn.o
 *(.fini)
 .fini          0x0000000008007bd4        0x4 /usr/lib/gcc/arm-none-eabi/12.2.0/thumb/v7e-m+fp/hard/crti.o
                0x0000000008007bd4                _fini
 .fini          0x0000000008007bd8        0x8 /usr/lib/gcc/arm-none-eabi/12.2.0/thumb/v7e-m+fp/hard/crtn.o
                0x0000000008007be0                . = ALIGN (0x4)
                0x0000000008007be0                _etext = .

.vfp11_veneer   0x0000000008007be0        0x0
 .vfp11_veneer  0x0000000008007be0        0x0 linker stubs

.v4_bx          0x0000000008007be0        0x0
 .v4_bx         0x0000000008007be0        0x0 linker stubs

.iplt           0x0000000008007be0        0x0
 .iplt          0x0000000008007be0        0x0 /usr/lib/gcc/arm-none-eabi/12.2.0/thumb/v7e-m+fp/hard/crtbegin.o

.rodata         0x0000000008007be0      0xe60
                0x0000000008007be0                . = ALIGN (0x4)
 *(.rodata)
 *(.rodata*)
 .rodata.app_set_effect.str1.1
                0x0000000008007be0       0x30 ./App/Src/app.o
 .rodata.app_set_brightness.str1.1
                0x0000000008007c10       0x34 ./App/Src/app.o
 .rodata.IRQ_buffer_push.str1.1
                0x0000000008007c44       0x24 ./App/Src/app.o
 .rodata.USART2_IRQHandler.str1.1
                0x0000000008007c68       0x19 ./App/Src/app.o
 .rodata.app_init.str1.1
                0x0000000008007c81       0x1e ./App/Src/app.o
 .rodata.app_main_loop.str1.1
                0x0000000008007c9f       0x40 ./App/Src/app.o
 .rodata.__func__.0
                0x0000000008007cdf       0x12 ./App/Src/app.o
 *fill*         0x0000000008007cf1        0x3 
 .rodata.effect_handlers
                0x0000000008007cf4       0x10 ./App/Src/mlf_effects.o
 .rodata.MLF_resp_error.isra.0.str1.1
                0x0000000008007d04       0x4c ./App/Src/mlf_protocol.o
 .rodata.packet_buffer_init.str1.1
                0x0000000008007d50       0x45 ./App/Src/mlf_protocol.o
 .rodata.packet_buffer_append.str1.1
                0x0000000008007d95      0x1d2 ./App/Src/mlf_protocol.o
 .rodata.MLF_init.str1.1
                0x0000000008007f67       0x3e ./App/Src/mlf_protocol.o
 .rodata.MLF_register_reroute.str1.1
                0x0000000008007fa5       0xf1 ./App/Src/mlf_protocol.o
 .rodata.MLF_SendCmd.str1.1
                0x0000000008008096       0xd6 ./App/Src/mlf_protocol.o
 .rodata.MLF_process_packet.str1.1
                0x000000000800816c      0x191 ./App/Src/mlf_protocol.o
 .rodata.__func__.0
                0x00000000080082fd        0xc ./App/Src/mlf_protocol.o
 .rodata.__func__.1
                0x0000000008008309        0xe ./App/Src/mlf_protocol.o
 .rodata.__func__.2
                0x0000000008008317       0x13 ./App/Src/mlf_protocol.o
 .rodata.__func__.3
                0x000000000800832a       0x12 ./App/Src/mlf_protocol.o
 .rodata.__func__.4
                0x000000000800833c       0x14 ./App/Src/mlf_protocol.o
 .rodata.__func__.5
                0x0000000008008350       0x14 ./App/Src/mlf_protocol.o
 .rodata.__func__.6
                0x0000000008008364        0xf ./App/Src/mlf_protocol.o
 .rodata.__func__.7
                0x0000000008008373       0x15 ./App/Src/mlf_protocol.o
 .rodata.__func__.8
                0x0000000008008388       0x13 ./App/Src/mlf_protocol.o
 .rodata.set_led_color.str1.1
                0x000000000800839b       0x48 ./App/Src/ws2812b.o
 .rodata.refresh_leds.str1.1
                0x00000000080083e3       0x39 ./App/Src/ws2812b.o
 .rodata.boot_get_reset_reason_str.str1.1
                0x000000000800841c       0x14 ./Core/Src/boot_setup.o
 .rodata.str1.1
                0x0000000008008430       0x87 ./Core/Src/boot_setup.o
 *fill*         0x00000000080084b7        0x1 
 .rodata.RESET_REASONS
                0x00000000080084b8       0x38 ./Core/Src/boot_setup.o
 .rodata.printk.str1.1
                0x00000000080084f0       0x16 ./Core/Src/logger.o
                                         0x19 (size before relaxing)
 .rodata.str1.1
                0x0000000008008506       0x20 ./Core/Src/logger.o
 *fill*         0x0000000008008526        0x2 
 .rodata.CSWTCH.5
                0x0000000008008528       0x14 ./Core/Src/logger.o
 .rodata.Error_Handler.str1.1
                0x000000000800853c       0x3f ./Core/Src/main.o
 .rodata.main.str1.1
                0x000000000800857b       0xe4 ./Core/Src/main.o
                                         0xe6 (size before relaxing)
 .rodata.assert_failed.str1.1
                0x000000000800865f       0x27 ./Core/Src/main.o
 .rodata.system_reset.str1.1
                0x0000000008008686       0x12 ./Core/Src/panic.o
 .rodata.panic_header.str1.1
                0x0000000008008698       0x57 ./Core/Src/panic.o
                                         0x59 (size before relaxing)
 .rodata.panic.str1.1
                0x00000000080086ef       0x35 ./Core/Src/panic.o
 .rodata.APBPrescTable
                0x0000000008008724        0x8 ./Core/Src/system_stm32f4xx.o
                0x0000000008008724                APBPrescTable
 .rodata.AHBPrescTable
                0x000000000800872c       0x10 ./Core/Src/system_stm32f4xx.o
                0x000000000800872c                AHBPrescTable
 .rodata.HAL_NVIC_SetPriorityGrouping.str1.1
                0x000000000800873c       0x3b ./Drivers/STM32F4xx_HAL_Driver/Src/stm32f4xx_hal_cortex.o
 .rodata.HAL_DMA_Init.str1.1
                0x0000000008008777       0x38 ./Drivers/STM32F4xx_HAL_Driver/Src/stm32f4xx_hal_dma.o
 .rodata.flagBitshiftOffset.0
                0x00000000080087af        0x8 ./Drivers/STM32F4xx_HAL_Driver/Src/stm32f4xx_hal_dma.o
 .rodata.HAL_GPIO_Init.str1.1
                0x00000000080087b7       0x39 ./Drivers/STM32F4xx_HAL_Driver/Src/stm32f4xx_hal_gpio.o
 .rodata.HAL_IWDG_Init.str1.1
                0x00000000080087f0       0x39 ./Drivers/STM32F4xx_HAL_Driver/Src/stm32f4xx_hal_iwdg.o
 .rodata.HAL_PCD_Init.str1.1
                0x0000000008008829       0x38 ./Drivers/STM32F4xx_HAL_Driver/Src/stm32f4xx_hal_pcd.o
 .rodata.HAL_RCC_OscConfig.str1.1
                0x0000000008008861       0x38 ./Drivers/STM32F4xx_HAL_Driver/Src/stm32f4xx_hal_rcc.o
 .rodata.HAL_SPI_Init.str1.1
                0x0000000008008899       0x38 ./Drivers/STM32F4xx_HAL_Driver/Src/stm32f4xx_hal_spi.o
 .rodata.UART_SetConfig.str1.1
                0x00000000080088d1       0x39 ./Drivers/STM32F4xx_HAL_Driver/Src/stm32f4xx_hal_uart.o
 .rodata.CDC_DeInit_FS.str1.1
                0x000000000800890a       0x1e ./USB_DEVICE/App/usbd_cdc_if.o
 .rodata.CDC_Init_FS.str1.1
                0x0000000008008928       0x43 ./USB_DEVICE/App/usbd_cdc_if.o
 .rodata.USBD_FS_ManufacturerStrDescriptor.str1.1
                0x000000000800896b        0xa ./USB_DEVICE/App/usbd_desc.o
 .rodata.USBD_FS_ProductStrDescriptor.str1.1
                0x0000000008008975       0x18 ./USB_DEVICE/App/usbd_desc.o
 .rodata.USBD_FS_ConfigStrDescriptor.str1.1
                0x000000000800898d        0xb ./USB_DEVICE/App/usbd_desc.o
 .rodata.USBD_FS_InterfaceStrDescriptor.str1.1
                0x0000000008008998        0xe ./USB_DEVICE/App/usbd_desc.o
 *fill*         0x00000000080089a6        0x2 
 .rodata.__sf_fake_stderr
                0x00000000080089a8       0x20 /usr/lib/gcc/arm-none-eabi/12.2.0/../../../../arm-none-eabi/lib/thumb/v7e-m+fp/hard/libc_nano.a(lib_a-findfp.o)
                0x00000000080089a8                __sf_fake_stderr
 .rodata.__sf_fake_stdin
                0x00000000080089c8       0x20 /usr/lib/gcc/arm-none-eabi/12.2.0/../../../../arm-none-eabi/lib/thumb/v7e-m+fp/hard/libc_nano.a(lib_a-findfp.o)
                0x00000000080089c8                __sf_fake_stdin
 .rodata.__sf_fake_stdout
                0x00000000080089e8       0x20 /usr/lib/gcc/arm-none-eabi/12.2.0/../../../../arm-none-eabi/lib/thumb/v7e-m+fp/hard/libc_nano.a(lib_a-findfp.o)
                0x00000000080089e8                __sf_fake_stdout
 .rodata._global_impure_ptr
                0x0000000008008a08        0x4 /usr/lib/gcc/arm-none-eabi/12.2.0/../../../../arm-none-eabi/lib/thumb/v7e-m+fp/hard/libc_nano.a(lib_a-impure.o)
                0x0000000008008a08                _global_impure_ptr
 .rodata._svfprintf_r.str1.1
                0x0000000008008a0c       0x11 /usr/lib/gcc/arm-none-eabi/12.2.0/../../../../arm-none-eabi/lib/thumb/v7e-m+fp/hard/libc_nano.a(lib_a-nano-svfprintf.o)
 .rodata._printf_i.str1.1
                0x0000000008008a1d       0x22 /usr/lib/gcc/arm-none-eabi/12.2.0/../../../../arm-none-eabi/lib/thumb/v7e-m+fp/hard/libc_nano.a(lib_a-nano-vfprintf_i.o)
 .rodata._vfprintf_r.str1.1
                0x0000000008008a3f       0x11 /usr/lib/gcc/arm-none-eabi/12.2.0/../../../../arm-none-eabi/lib/thumb/v7e-m+fp/hard/libc_nano.a(lib_a-nano-vfprintf.o)
                0x0000000008008a50                . = ALIGN (0x4)
 *fill*         0x0000000008008a3f        0x1 

.ARM.extab      0x0000000008008a40        0x0
                0x0000000008008a40                . = ALIGN (0x4)
 *(.ARM.extab* .gnu.linkonce.armextab.*)
                0x0000000008008a40                . = ALIGN (0x4)

.ARM            0x0000000008008a40        0x8
                0x0000000008008a40                . = ALIGN (0x4)
                0x0000000008008a40                __exidx_start = .
 *(.ARM.exidx*)
 .ARM.exidx.text.__udivmoddi4
                0x0000000008008a40        0x8 /usr/lib/gcc/arm-none-eabi/12.2.0/thumb/v7e-m+fp/hard/libgcc.a(_udivmoddi4.o)
                0x0000000008008a48                __exidx_end = .
                0x0000000008008a48                . = ALIGN (0x4)

.rel.dyn        0x0000000008008a48        0x0
 .rel.iplt      0x0000000008008a48        0x0 /usr/lib/gcc/arm-none-eabi/12.2.0/thumb/v7e-m+fp/hard/crtbegin.o

.preinit_array  0x0000000008008a48        0x0
                0x0000000008008a48                . = ALIGN (0x4)
                0x0000000008008a48                PROVIDE (__preinit_array_start = .)
 *(.preinit_array*)
                0x0000000008008a48                PROVIDE (__preinit_array_end = .)
                0x0000000008008a48                . = ALIGN (0x4)

.init_array     0x0000000008008a48        0x4
                0x0000000008008a48                . = ALIGN (0x4)
                0x0000000008008a48                PROVIDE (__init_array_start = .)
 *(SORT_BY_NAME(.init_array.*))
 *(.init_array*)
 .init_array    0x0000000008008a48        0x4 /usr/lib/gcc/arm-none-eabi/12.2.0/thumb/v7e-m+fp/hard/crtbegin.o
                0x0000000008008a4c                PROVIDE (__init_array_end = .)
                0x0000000008008a4c                . = ALIGN (0x4)

.fini_array     0x0000000008008a4c        0x4
                0x0000000008008a4c                . = ALIGN (0x4)
                0x0000000008008a4c                PROVIDE (__fini_array_start = .)
 *(SORT_BY_NAME(.fini_array.*))
 *(.fini_array*)
 .fini_array    0x0000000008008a4c        0x4 /usr/lib/gcc/arm-none-eabi/12.2.0/thumb/v7e-m+fp/hard/crtbegin.o
                0x0000000008008a50                PROVIDE (__fini_array_end = .)
                0x0000000008008a50                . = ALIGN (0x4)
                0x0000000008008a50                _sidata = LOADADDR (.data)

.data           0x0000000020000000      0x160 load address 0x0000000008008a50
                0x0000000020000000                . = ALIGN (0x4)
                0x0000000020000000                _sdata = .
 *(.data)
 *(.data*)
 .data.cur_effect_speed
                0x0000000020000000        0x4 ./App/Src/app.o
                0x0000000020000000                cur_effect_speed
 .data.SystemCoreClock
                0x0000000020000004        0x4 ./Core/Src/system_stm32f4xx.o
                0x0000000020000004                SystemCoreClock
 .data.uwTickFreq
                0x0000000020000008        0x1 ./Drivers/STM32F4xx_HAL_Driver/Src/stm32f4xx_hal.o
                0x0000000020000008                uwTickFreq
 *fill*         0x0000000020000009        0x3 
 .data.uwTickPrio
                0x000000002000000c        0x4 ./Drivers/STM32F4xx_HAL_Driver/Src/stm32f4xx_hal.o
                0x000000002000000c                uwTickPrio
 .data.USBD_CDC_CfgDesc
                0x0000000020000010       0x43 ./Middlewares/ST/STM32_USB_Device_Library/Class/CDC/Src/usbd_cdc.o
 *fill*         0x0000000020000053        0x1 
 .data.USBD_CDC
                0x0000000020000054       0x38 ./Middlewares/ST/STM32_USB_Device_Library/Class/CDC/Src/usbd_cdc.o
                0x0000000020000054                USBD_CDC
 .data.USBD_CDC_DeviceQualifierDesc
                0x000000002000008c        0xa ./Middlewares/ST/STM32_USB_Device_Library/Class/CDC/Src/usbd_cdc.o
 *fill*         0x0000000020000096        0x2 
 .data.USBD_Interface_fops_FS
                0x0000000020000098       0x14 ./USB_DEVICE/App/usbd_cdc_if.o
                0x0000000020000098                USBD_Interface_fops_FS
 .data.USBD_StringSerial
                0x00000000200000ac       0x1a ./USB_DEVICE/App/usbd_desc.o
                0x00000000200000ac                USBD_StringSerial
 *fill*         0x00000000200000c6        0x2 
 .data.USBD_LangIDDesc
                0x00000000200000c8        0x4 ./USB_DEVICE/App/usbd_desc.o
                0x00000000200000c8                USBD_LangIDDesc
 .data.USBD_FS_DeviceDesc
                0x00000000200000cc       0x12 ./USB_DEVICE/App/usbd_desc.o
                0x00000000200000cc                USBD_FS_DeviceDesc
 *fill*         0x00000000200000de        0x2 
 .data.FS_Desc  0x00000000200000e0       0x1c ./USB_DEVICE/App/usbd_desc.o
                0x00000000200000e0                FS_Desc
 .data._impure_ptr
                0x00000000200000fc        0x4 /usr/lib/gcc/arm-none-eabi/12.2.0/../../../../arm-none-eabi/lib/thumb/v7e-m+fp/hard/libc_nano.a(lib_a-impure.o)
                0x00000000200000fc                _impure_ptr
 .data.impure_data
                0x0000000020000100       0x60 /usr/lib/gcc/arm-none-eabi/12.2.0/../../../../arm-none-eabi/lib/thumb/v7e-m+fp/hard/libc_nano.a(lib_a-impure.o)
 *(.RamFunc)
 *(.RamFunc*)
                0x0000000020000160                . = ALIGN (0x4)
                0x0000000020000160                _edata = .

.igot.plt       0x0000000020000160        0x0 load address 0x0000000008008bb0
 .igot.plt      0x0000000020000160        0x0 /usr/lib/gcc/arm-none-eabi/12.2.0/thumb/v7e-m+fp/hard/crtbegin.o
                0x0000000020000160                . = ALIGN (0x4)

.bss            0x0000000020000160     0x1b0c load address 0x0000000008008bb0
                0x0000000020000160                _sbss = .
                0x0000000020000160                __bss_start__ = _sbss
 *(.bss)
 *(.bss*)
 .bss.completed.1
                0x0000000020000160        0x1 /usr/lib/gcc/arm-none-eabi/12.2.0/thumb/v7e-m+fp/hard/crtbegin.o
 *fill*         0x0000000020000161        0x3 
 .bss.object.0  0x0000000020000164       0x18 /usr/lib/gcc/arm-none-eabi/12.2.0/thumb/v7e-m+fp/hard/crtbegin.o
 .bss.USART2_IRQ_buffer
                0x000000002000017c       0x42 ./App/Src/app.o
 *fill*         0x00000000200001be        0x2 
 .bss.cur_effect_bottom_data
                0x00000000200001c0        0x4 ./App/Src/app.o
                0x00000000200001c0                cur_effect_bottom_data
 .bss.cur_effect_top_data
                0x00000000200001c4        0x4 ./App/Src/app.o
                0x00000000200001c4                cur_effect_top_data
 .bss.cur_effect_bottom
                0x00000000200001c8        0x1 ./App/Src/app.o
                0x00000000200001c8                cur_effect_bottom
 .bss.cur_effect_top
                0x00000000200001c9        0x1 ./App/Src/app.o
                0x00000000200001c9                cur_effect_top
 .bss.old_app_mode
                0x00000000200001ca        0x1 ./App/Src/app.o
                0x00000000200001ca                old_app_mode
 .bss.app_mode  0x00000000200001cb        0x1 ./App/Src/app.o
                0x00000000200001cb                app_mode
 .bss.usart_packet_buf
                0x00000000200001cc        0x4 ./App/Src/app.o
                0x00000000200001cc                usart_packet_buf
 .bss.usart_ctx
                0x00000000200001d0       0x3c ./App/Src/app.o
                0x00000000200001d0                usart_ctx
 .bss.usb_ctx   0x000000002000020c       0x3c ./App/Src/app.o
                0x000000002000020c                usb_ctx
 .bss.output_buffer_global
                0x0000000020000248      0x40b ./App/Src/mlf_protocol.o
 .bss.reroute_count
                0x0000000020000653        0x1 ./App/Src/mlf_protocol.o
                0x0000000020000653                reroute_count
 .bss.reroute_start_time
                0x0000000020000654        0x4 ./App/Src/mlf_protocol.o
                0x0000000020000654                reroute_start_time
 .bss.g_reroute
                0x0000000020000658        0xc ./App/Src/mlf_protocol.o
                0x0000000020000658                g_reroute
 .bss.led_strip_bottom
                0x0000000020000664        0x4 ./App/Src/ws2812b.o
                0x0000000020000664                led_strip_bottom
 .bss.led_strip_upper
                0x0000000020000668        0x4 ./App/Src/ws2812b.o
                0x0000000020000668                led_strip_upper
 .bss.reset_reason
                0x000000002000066c        0x4 ./Core/Src/boot_setup.o
 .bss.huart2    0x0000000020000670       0x44 ./Core/Src/main.o
                0x0000000020000670                huart2
 .bss.huart1    0x00000000200006b4       0x44 ./Core/Src/main.o
                0x00000000200006b4                huart1
 .bss.hdma_spi2_tx
                0x00000000200006f8       0x60 ./Core/Src/main.o
                0x00000000200006f8                hdma_spi2_tx
 .bss.hdma_spi1_tx
                0x0000000020000758       0x60 ./Core/Src/main.o
                0x0000000020000758                hdma_spi1_tx
 .bss.hspi2     0x00000000200007b8       0x58 ./Core/Src/main.o
                0x00000000200007b8                hspi2
 .bss.hspi1     0x0000000020000810       0x58 ./Core/Src/main.o
                0x0000000020000810                hspi1
 .bss.hiwdg     0x0000000020000868        0xc ./Core/Src/main.o
                0x0000000020000868                hiwdg
 .bss.__sbrk_heap_end
                0x0000000020000874        0x4 ./Core/Src/sysmem.o
 .bss.uwTick    0x0000000020000878        0x4 ./Drivers/STM32F4xx_HAL_Driver/Src/stm32f4xx_hal.o
                0x0000000020000878                uwTick
 .bss.cfgidx.0  0x000000002000087c        0x1 ./Middlewares/ST/STM32_USB_Device_Library/Core/Src/usbd_ctlreq.o
 *fill*         0x000000002000087d        0x3 
 .bss.hUsbDeviceFS
                0x0000000020000880      0x2dc ./USB_DEVICE/App/usb_device.o
                0x0000000020000880                hUsbDeviceFS
 .bss.packet_buf
                0x0000000020000b5c        0x4 ./USB_DEVICE/App/usbd_cdc_if.o
                0x0000000020000b5c                packet_buf
 .bss.UserTxBufferFS
                0x0000000020000b60      0x3e8 ./USB_DEVICE/App/usbd_cdc_if.o
                0x0000000020000b60                UserTxBufferFS
 .bss.UserRxBufferFS
                0x0000000020000f48      0x3e8 ./USB_DEVICE/App/usbd_cdc_if.o
                0x0000000020000f48                UserRxBufferFS
 .bss.USBD_StrDesc
                0x0000000020001330      0x200 ./USB_DEVICE/App/usbd_desc.o
                0x0000000020001330                USBD_StrDesc
 .bss.mem.0     0x0000000020001530      0x220 ./USB_DEVICE/Target/usbd_conf.o
 .bss.hpcd_USB_OTG_FS
                0x0000000020001750      0x50c ./USB_DEVICE/Target/usbd_conf.o
                0x0000000020001750                hpcd_USB_OTG_FS
 .bss.__lock___malloc_recursive_mutex
                0x0000000020001c5c        0x1 /usr/lib/gcc/arm-none-eabi/12.2.0/../../../../arm-none-eabi/lib/thumb/v7e-m+fp/hard/libc_nano.a(lib_a-lock.o)
                0x0000000020001c5c                __lock___malloc_recursive_mutex
 .bss.__lock___sfp_recursive_mutex
                0x0000000020001c5d        0x1 /usr/lib/gcc/arm-none-eabi/12.2.0/../../../../arm-none-eabi/lib/thumb/v7e-m+fp/hard/libc_nano.a(lib_a-lock.o)
                0x0000000020001c5d                __lock___sfp_recursive_mutex
 .bss.__lock___sinit_recursive_mutex
                0x0000000020001c5e        0x1 /usr/lib/gcc/arm-none-eabi/12.2.0/../../../../arm-none-eabi/lib/thumb/v7e-m+fp/hard/libc_nano.a(lib_a-lock.o)
                0x0000000020001c5e                __lock___sinit_recursive_mutex
 *fill*         0x0000000020001c5f        0x1 
 .bss.__malloc_free_list
                0x0000000020001c60        0x4 /usr/lib/gcc/arm-none-eabi/12.2.0/../../../../arm-none-eabi/lib/thumb/v7e-m+fp/hard/libc_nano.a(lib_a-nano-mallocr.o)
                0x0000000020001c60                __malloc_free_list
 .bss.__malloc_sbrk_start
                0x0000000020001c64        0x4 /usr/lib/gcc/arm-none-eabi/12.2.0/../../../../arm-none-eabi/lib/thumb/v7e-m+fp/hard/libc_nano.a(lib_a-nano-mallocr.o)
                0x0000000020001c64                __malloc_sbrk_start
 .bss.errno     0x0000000020001c68        0x4 /usr/lib/gcc/arm-none-eabi/12.2.0/../../../../arm-none-eabi/lib/thumb/v7e-m+fp/hard/libc_nano.a(lib_a-reent.o)
                0x0000000020001c68                errno
 *(COMMON)
                0x0000000020001c6c                . = ALIGN (0x4)
                0x0000000020001c6c                _ebss = .
                0x0000000020001c6c                __bss_end__ = _ebss

._user_heap_stack
                0x0000000020001c6c      0x604 load address 0x0000000008008bb0
                0x0000000020001c70                . = ALIGN (0x8)
 *fill*         0x0000000020001c6c        0x4 
                [!provide]                        PROVIDE (end = .)
                0x0000000020001c70                PROVIDE (_end = .)
                0x0000000020001e70                . = (. + _Min_Heap_Size)
 *fill*         0x0000000020001c70      0x200 
                0x0000000020002270                . = (. + _Min_Stack_Size)
 *fill*         0x0000000020001e70      0x400 
                0x0000000020002270                . = ALIGN (0x8)

/DISCARD/
 libc.a(*)
 libm.a(*)
 libgcc.a(*)

.ARM.attributes
                0x0000000000000000       0x30
 *(.ARM.attributes)
 .ARM.attributes
                0x0000000000000000       0x22 /usr/lib/gcc/arm-none-eabi/12.2.0/thumb/v7e-m+fp/hard/crti.o
 .ARM.attributes
                0x0000000000000022       0x34 /usr/lib/gcc/arm-none-eabi/12.2.0/thumb/v7e-m+fp/hard/crtbegin.o
 .ARM.attributes
                0x0000000000000056       0x34 ./App/Src/app.o
 .ARM.attributes
                0x000000000000008a       0x34 ./App/Src/mlf_effects.o
 .ARM.attributes
                0x00000000000000be       0x34 ./App/Src/mlf_protocol.o
 .ARM.attributes
                0x00000000000000f2       0x34 ./App/Src/ws2812b.o
 .ARM.attributes
                0x0000000000000126       0x34 ./Core/Src/boot_setup.o
 .ARM.attributes
                0x000000000000015a       0x34 ./Core/Src/logger.o
 .ARM.attributes
                0x000000000000018e       0x34 ./Core/Src/main.o
 .ARM.attributes
                0x00000000000001c2       0x34 ./Core/Src/panic.o
 .ARM.attributes
                0x00000000000001f6       0x34 ./Core/Src/stm32f4xx_hal_msp.o
 .ARM.attributes
                0x000000000000022a       0x34 ./Core/Src/stm32f4xx_it.o
 .ARM.attributes
                0x000000000000025e       0x34 ./Core/Src/syscalls.o
 .ARM.attributes
                0x0000000000000292       0x34 ./Core/Src/sysmem.o
 .ARM.attributes